{
  "Entries": [
    {
      "RequestUri": "/subscriptions/e37510d7-33b6-4676-886f-ee75bcc01871/resourcegroups/crptestps7018?api-version=2016-09-01",
      "EncodedRequestUri": "L3N1YnNjcmlwdGlvbnMvZTM3NTEwZDctMzNiNi00Njc2LTg4NmYtZWU3NWJjYzAxODcxL3Jlc291cmNlZ3JvdXBzL2NycHRlc3RwczcwMTg/YXBpLXZlcnNpb249MjAxNi0wOS0wMQ==",
      "RequestMethod": "PUT",
      "RequestBody": "{\r\n  \"location\": \"eastus\"\r\n}",
      "RequestHeaders": {
        "x-ms-client-request-id": [
          "704c4560-8ebf-4bc5-8dd6-27cca82529ac"
        ],
        "Accept-Language": [
          "en-US"
        ],
        "User-Agent": [
          "FxVersion/4.6.30015.01",
          "OSName/Windows",
          "OSVersion/Microsoft.Windows.10.0.19043.",
          "Microsoft.Azure.Management.Internal.Resources.ResourceManagementClient/1.3.39"
        ],
        "Content-Type": [
          "application/json; charset=utf-8"
        ],
        "Content-Length": [
          "28"
        ]
      },
      "ResponseHeaders": {
        "Cache-Control": [
          "no-cache"
        ],
        "Pragma": [
          "no-cache"
        ],
        "x-ms-ratelimit-remaining-subscription-writes": [
          "1199"
        ],
        "x-ms-request-id": [
          "374ff8ea-8c72-4ef9-b03b-f3eeac9d044c"
        ],
        "x-ms-correlation-request-id": [
          "374ff8ea-8c72-4ef9-b03b-f3eeac9d044c"
        ],
        "x-ms-routing-request-id": [
          "CENTRALUS:20210712T212131Z:374ff8ea-8c72-4ef9-b03b-f3eeac9d044c"
        ],
        "Strict-Transport-Security": [
          "max-age=31536000; includeSubDomains"
        ],
        "X-Content-Type-Options": [
          "nosniff"
        ],
        "Date": [
          "Mon, 12 Jul 2021 21:21:30 GMT"
        ],
        "Content-Length": [
          "179"
        ],
        "Content-Type": [
          "application/json; charset=utf-8"
        ],
        "Expires": [
          "-1"
        ]
      },
      "ResponseBody": "{\r\n  \"id\": \"/subscriptions/e37510d7-33b6-4676-886f-ee75bcc01871/resourceGroups/crptestps7018\",\r\n  \"name\": \"crptestps7018\",\r\n  \"location\": \"eastus\",\r\n  \"properties\": {\r\n    \"provisioningState\": \"Succeeded\"\r\n  }\r\n}",
      "StatusCode": 201
    },
    {
      "RequestUri": "/subscriptions/e37510d7-33b6-4676-886f-ee75bcc01871/resourceGroups/crptestps7018/providers/Microsoft.Compute/galleries/gallerycrptestps7018?api-version=2020-09-30",
      "EncodedRequestUri": "L3N1YnNjcmlwdGlvbnMvZTM3NTEwZDctMzNiNi00Njc2LTg4NmYtZWU3NWJjYzAxODcxL3Jlc291cmNlR3JvdXBzL2NycHRlc3RwczcwMTgvcHJvdmlkZXJzL01pY3Jvc29mdC5Db21wdXRlL2dhbGxlcmllcy9nYWxsZXJ5Y3JwdGVzdHBzNzAxOD9hcGktdmVyc2lvbj0yMDIwLTA5LTMw",
      "RequestMethod": "PUT",
      "RequestBody": "{\r\n  \"properties\": {\r\n    \"sharingProfile\": {\r\n      \"permissions\": \"Groups\"\r\n    }\r\n  },\r\n  \"location\": \"eastus\"\r\n}",
      "RequestHeaders": {
        "x-ms-client-request-id": [
          "3c3489a3-9b7c-40c5-b606-0c42eb044cf9"
        ],
        "Accept-Language": [
          "en-US"
        ],
        "User-Agent": [
          "FxVersion/4.6.30015.01",
          "OSName/Windows",
          "OSVersion/Microsoft.Windows.10.0.19043.",
          "Microsoft.Azure.Management.Compute.ComputeManagementClient/47.0.0"
        ],
        "Content-Type": [
          "application/json; charset=utf-8"
        ],
        "Content-Length": [
          "116"
        ]
      },
      "ResponseHeaders": {
        "Cache-Control": [
          "no-cache"
        ],
        "Pragma": [
          "no-cache"
        ],
        "Azure-AsyncOperation": [
          "https://management.azure.com/subscriptions/e37510d7-33b6-4676-886f-ee75bcc01871/providers/Microsoft.Compute/locations/eastus/capsOperations/dbd14d8c-2115-471b-ada2-a946457b5cb3?api-version=2020-09-30"
        ],
        "x-ms-ratelimit-remaining-resource": [
          "Microsoft.Compute/CreateUpdateGallery3Min;49,Microsoft.Compute/CreateUpdateGallery30Min;298"
        ],
        "Strict-Transport-Security": [
          "max-age=31536000; includeSubDomains"
        ],
        "x-ms-served-by": [
          "70d5434e-5504-4968-b956-f8d027c07083_132701665974705278,70d5434e-5504-4968-b956-f8d027c07083_132701665974705278"
        ],
        "x-ms-request-id": [
          "dbd14d8c-2115-471b-ada2-a946457b5cb3"
        ],
        "Server": [
          "Microsoft-HTTPAPI/2.0",
          "Microsoft-HTTPAPI/2.0"
        ],
        "x-ms-ratelimit-remaining-subscription-writes": [
          "1199"
        ],
        "x-ms-correlation-request-id": [
          "3a941c85-2413-4566-a993-990a6f8f7748"
        ],
        "x-ms-routing-request-id": [
          "CENTRALUS:20210712T212134Z:3a941c85-2413-4566-a993-990a6f8f7748"
        ],
        "X-Content-Type-Options": [
          "nosniff"
        ],
        "Date": [
          "Mon, 12 Jul 2021 21:21:33 GMT"
        ],
        "Content-Length": [
          "493"
        ],
        "Content-Type": [
          "application/json; charset=utf-8"
        ],
        "Expires": [
          "-1"
        ]
      },
      "ResponseBody": "{\r\n  \"name\": \"gallerycrptestps7018\",\r\n  \"id\": \"/subscriptions/e37510d7-33b6-4676-886f-ee75bcc01871/resourceGroups/crptestps7018/providers/Microsoft.Compute/galleries/gallerycrptestps7018\",\r\n  \"type\": \"Microsoft.Compute/galleries\",\r\n  \"location\": \"eastus\",\r\n  \"properties\": {\r\n    \"identifier\": {\r\n      \"uniqueName\": \"e37510d7-33b6-4676-886f-ee75bcc01871-GALLERYCRPTESTPS7018\"\r\n    },\r\n    \"sharingProfile\": {\r\n      \"permissions\": \"Groups\"\r\n    },\r\n    \"provisioningState\": \"Creating\"\r\n  }\r\n}",
      "StatusCode": 201
    },
    {
      "RequestUri": "/subscriptions/e37510d7-33b6-4676-886f-ee75bcc01871/resourceGroups/crptestps7018/providers/Microsoft.Compute/galleries/gallerycrptestps7018?api-version=2020-09-30",
      "EncodedRequestUri": "L3N1YnNjcmlwdGlvbnMvZTM3NTEwZDctMzNiNi00Njc2LTg4NmYtZWU3NWJjYzAxODcxL3Jlc291cmNlR3JvdXBzL2NycHRlc3RwczcwMTgvcHJvdmlkZXJzL01pY3Jvc29mdC5Db21wdXRlL2dhbGxlcmllcy9nYWxsZXJ5Y3JwdGVzdHBzNzAxOD9hcGktdmVyc2lvbj0yMDIwLTA5LTMw",
      "RequestMethod": "PUT",
      "RequestBody": "{\r\n  \"properties\": {\r\n    \"identifier\": {}\r\n  },\r\n  \"location\": \"eastus\"\r\n}",
      "RequestHeaders": {
        "x-ms-client-request-id": [
          "e564f4ac-c665-400f-b1d5-948ad09a7276"
        ],
        "Accept-Language": [
          "en-US"
        ],
        "User-Agent": [
          "FxVersion/4.6.30015.01",
          "OSName/Windows",
          "OSVersion/Microsoft.Windows.10.0.19043.",
          "Microsoft.Azure.Management.Compute.ComputeManagementClient/47.0.0"
        ],
        "Content-Type": [
          "application/json; charset=utf-8"
        ],
        "Content-Length": [
          "75"
        ]
      },
      "ResponseHeaders": {
        "Cache-Control": [
          "no-cache"
        ],
        "Pragma": [
          "no-cache"
        ],
        "Azure-AsyncOperation": [
          "https://management.azure.com/subscriptions/e37510d7-33b6-4676-886f-ee75bcc01871/providers/Microsoft.Compute/locations/eastus/capsOperations/1780dfac-3590-4428-91a2-b6c1bd188fec?api-version=2020-09-30"
        ],
        "x-ms-ratelimit-remaining-resource": [
          "Microsoft.Compute/CreateUpdateGallery3Min;48,Microsoft.Compute/CreateUpdateGallery30Min;297"
        ],
        "Strict-Transport-Security": [
          "max-age=31536000; includeSubDomains"
        ],
        "x-ms-served-by": [
          "70d5434e-5504-4968-b956-f8d027c07083_132701665974705278,70d5434e-5504-4968-b956-f8d027c07083_132701665974705278"
        ],
        "x-ms-request-id": [
          "1780dfac-3590-4428-91a2-b6c1bd188fec"
        ],
        "Server": [
          "Microsoft-HTTPAPI/2.0",
          "Microsoft-HTTPAPI/2.0"
        ],
        "x-ms-ratelimit-remaining-subscription-writes": [
          "1199"
        ],
        "x-ms-correlation-request-id": [
          "a460bc48-6769-47ee-aa5e-720fa85cc842"
        ],
        "x-ms-routing-request-id": [
          "SOUTHCENTRALUS:20210712T212206Z:a460bc48-6769-47ee-aa5e-720fa85cc842"
        ],
        "X-Content-Type-Options": [
          "nosniff"
        ],
        "Date": [
          "Mon, 12 Jul 2021 21:22:05 GMT"
        ],
        "Content-Length": [
          "494"
        ],
        "Content-Type": [
          "application/json; charset=utf-8"
        ],
        "Expires": [
          "-1"
        ]
      },
      "ResponseBody": "{\r\n  \"name\": \"gallerycrptestps7018\",\r\n  \"id\": \"/subscriptions/e37510d7-33b6-4676-886f-ee75bcc01871/resourceGroups/crptestps7018/providers/Microsoft.Compute/galleries/gallerycrptestps7018\",\r\n  \"type\": \"Microsoft.Compute/galleries\",\r\n  \"location\": \"eastus\",\r\n  \"properties\": {\r\n    \"identifier\": {\r\n      \"uniqueName\": \"e37510d7-33b6-4676-886f-ee75bcc01871-GALLERYCRPTESTPS7018\"\r\n    },\r\n    \"sharingProfile\": {\r\n      \"permissions\": \"Groups\"\r\n    },\r\n    \"provisioningState\": \"Succeeded\"\r\n  }\r\n}",
      "StatusCode": 200
    },
    {
      "RequestUri": "/subscriptions/e37510d7-33b6-4676-886f-ee75bcc01871/resourceGroups/crptestps7018/providers/Microsoft.Compute/galleries/gallerycrptestps7018?api-version=2020-09-30",
      "EncodedRequestUri": "L3N1YnNjcmlwdGlvbnMvZTM3NTEwZDctMzNiNi00Njc2LTg4NmYtZWU3NWJjYzAxODcxL3Jlc291cmNlR3JvdXBzL2NycHRlc3RwczcwMTgvcHJvdmlkZXJzL01pY3Jvc29mdC5Db21wdXRlL2dhbGxlcmllcy9nYWxsZXJ5Y3JwdGVzdHBzNzAxOD9hcGktdmVyc2lvbj0yMDIwLTA5LTMw",
      "RequestMethod": "PUT",
      "RequestBody": "{\r\n  \"properties\": {\r\n    \"identifier\": {},\r\n    \"sharingProfile\": {\r\n      \"permissions\": \"Groups\"\r\n    }\r\n  },\r\n  \"location\": \"eastus\"\r\n}",
      "RequestHeaders": {
        "x-ms-client-request-id": [
          "27c0ed1b-b785-4d5e-9ea8-7b31c45d2b12"
        ],
        "Accept-Language": [
          "en-US"
        ],
        "User-Agent": [
          "FxVersion/4.6.30015.01",
          "OSName/Windows",
          "OSVersion/Microsoft.Windows.10.0.19043.",
          "Microsoft.Azure.Management.Compute.ComputeManagementClient/47.0.0"
        ],
        "Content-Type": [
          "application/json; charset=utf-8"
        ],
        "Content-Length": [
          "139"
        ]
      },
      "ResponseHeaders": {
        "Cache-Control": [
          "no-cache"
        ],
        "Pragma": [
          "no-cache"
        ],
        "Azure-AsyncOperation": [
          "https://management.azure.com/subscriptions/e37510d7-33b6-4676-886f-ee75bcc01871/providers/Microsoft.Compute/locations/eastus/capsOperations/e31d0c4a-c3ca-4fde-ad81-1705b57e3b33?api-version=2020-09-30"
        ],
        "x-ms-ratelimit-remaining-resource": [
          "Microsoft.Compute/CreateUpdateGallery3Min;47,Microsoft.Compute/CreateUpdateGallery30Min;296"
        ],
        "Strict-Transport-Security": [
          "max-age=31536000; includeSubDomains"
        ],
        "x-ms-served-by": [
          "70d5434e-5504-4968-b956-f8d027c07083_132701665974705278,70d5434e-5504-4968-b956-f8d027c07083_132701665974705278"
        ],
        "x-ms-request-id": [
          "e31d0c4a-c3ca-4fde-ad81-1705b57e3b33"
        ],
        "Server": [
          "Microsoft-HTTPAPI/2.0",
          "Microsoft-HTTPAPI/2.0"
        ],
        "x-ms-ratelimit-remaining-subscription-writes": [
          "1199"
        ],
        "x-ms-correlation-request-id": [
          "8241cd80-1280-4851-b57a-bffb5ef48102"
        ],
        "x-ms-routing-request-id": [
          "CENTRALUS:20210712T212237Z:8241cd80-1280-4851-b57a-bffb5ef48102"
        ],
        "X-Content-Type-Options": [
          "nosniff"
        ],
        "Date": [
          "Mon, 12 Jul 2021 21:22:37 GMT"
        ],
        "Content-Length": [
          "494"
        ],
        "Content-Type": [
          "application/json; charset=utf-8"
        ],
        "Expires": [
          "-1"
        ]
      },
      "ResponseBody": "{\r\n  \"name\": \"gallerycrptestps7018\",\r\n  \"id\": \"/subscriptions/e37510d7-33b6-4676-886f-ee75bcc01871/resourceGroups/crptestps7018/providers/Microsoft.Compute/galleries/gallerycrptestps7018\",\r\n  \"type\": \"Microsoft.Compute/galleries\",\r\n  \"location\": \"eastus\",\r\n  \"properties\": {\r\n    \"identifier\": {\r\n      \"uniqueName\": \"e37510d7-33b6-4676-886f-ee75bcc01871-GALLERYCRPTESTPS7018\"\r\n    },\r\n    \"sharingProfile\": {\r\n      \"permissions\": \"Groups\"\r\n    },\r\n    \"provisioningState\": \"Succeeded\"\r\n  }\r\n}",
      "StatusCode": 200
    },
    {
      "RequestUri": "/subscriptions/e37510d7-33b6-4676-886f-ee75bcc01871/resourceGroups/crptestps7018/providers/Microsoft.Compute/galleries/gallerycrptestps7018?api-version=2020-09-30",
      "EncodedRequestUri": "L3N1YnNjcmlwdGlvbnMvZTM3NTEwZDctMzNiNi00Njc2LTg4NmYtZWU3NWJjYzAxODcxL3Jlc291cmNlR3JvdXBzL2NycHRlc3RwczcwMTgvcHJvdmlkZXJzL01pY3Jvc29mdC5Db21wdXRlL2dhbGxlcmllcy9nYWxsZXJ5Y3JwdGVzdHBzNzAxOD9hcGktdmVyc2lvbj0yMDIwLTA5LTMw",
      "RequestMethod": "PUT",
      "RequestBody": "{\r\n  \"properties\": {\r\n    \"identifier\": {},\r\n    \"sharingProfile\": {\r\n      \"permissions\": \"Groups\"\r\n    }\r\n  },\r\n  \"location\": \"eastus\"\r\n}",
      "RequestHeaders": {
        "x-ms-client-request-id": [
          "c6d5cfff-66bb-4db8-8f46-50bfdcc7cd9f"
        ],
        "Accept-Language": [
          "en-US"
        ],
        "User-Agent": [
          "FxVersion/4.6.30015.01",
          "OSName/Windows",
          "OSVersion/Microsoft.Windows.10.0.19043.",
          "Microsoft.Azure.Management.Compute.ComputeManagementClient/47.0.0"
        ],
        "Content-Type": [
          "application/json; charset=utf-8"
        ],
        "Content-Length": [
          "139"
        ]
      },
      "ResponseHeaders": {
        "Cache-Control": [
          "no-cache"
        ],
        "Pragma": [
          "no-cache"
        ],
        "Azure-AsyncOperation": [
          "https://management.azure.com/subscriptions/e37510d7-33b6-4676-886f-ee75bcc01871/providers/Microsoft.Compute/locations/eastus/capsOperations/cae68e57-5bfb-417d-9921-0900c462149b?api-version=2020-09-30"
        ],
        "x-ms-ratelimit-remaining-resource": [
          "Microsoft.Compute/CreateUpdateGallery3Min;46,Microsoft.Compute/CreateUpdateGallery30Min;295"
        ],
        "Strict-Transport-Security": [
          "max-age=31536000; includeSubDomains"
        ],
        "x-ms-served-by": [
          "70d5434e-5504-4968-b956-f8d027c07083_132701665974705278,70d5434e-5504-4968-b956-f8d027c07083_132701665974705278"
        ],
        "x-ms-request-id": [
          "cae68e57-5bfb-417d-9921-0900c462149b"
        ],
        "Server": [
          "Microsoft-HTTPAPI/2.0",
          "Microsoft-HTTPAPI/2.0"
        ],
        "x-ms-ratelimit-remaining-subscription-writes": [
          "1199"
        ],
        "x-ms-correlation-request-id": [
          "d9a19925-460f-4ad8-a327-2087560fa658"
        ],
        "x-ms-routing-request-id": [
          "CENTRALUS:20210712T212309Z:d9a19925-460f-4ad8-a327-2087560fa658"
        ],
        "X-Content-Type-Options": [
          "nosniff"
        ],
        "Date": [
          "Mon, 12 Jul 2021 21:23:09 GMT"
        ],
        "Content-Length": [
          "494"
        ],
        "Content-Type": [
          "application/json; charset=utf-8"
        ],
        "Expires": [
          "-1"
        ]
      },
      "ResponseBody": "{\r\n  \"name\": \"gallerycrptestps7018\",\r\n  \"id\": \"/subscriptions/e37510d7-33b6-4676-886f-ee75bcc01871/resourceGroups/crptestps7018/providers/Microsoft.Compute/galleries/gallerycrptestps7018\",\r\n  \"type\": \"Microsoft.Compute/galleries\",\r\n  \"location\": \"eastus\",\r\n  \"properties\": {\r\n    \"identifier\": {\r\n      \"uniqueName\": \"e37510d7-33b6-4676-886f-ee75bcc01871-GALLERYCRPTESTPS7018\"\r\n    },\r\n    \"sharingProfile\": {\r\n      \"permissions\": \"Groups\"\r\n    },\r\n    \"provisioningState\": \"Succeeded\"\r\n  }\r\n}",
      "StatusCode": 200
    },
    {
      "RequestUri": "/subscriptions/e37510d7-33b6-4676-886f-ee75bcc01871/providers/Microsoft.Compute/locations/eastus/capsOperations/dbd14d8c-2115-471b-ada2-a946457b5cb3?api-version=2020-09-30",
      "EncodedRequestUri": "L3N1YnNjcmlwdGlvbnMvZTM3NTEwZDctMzNiNi00Njc2LTg4NmYtZWU3NWJjYzAxODcxL3Byb3ZpZGVycy9NaWNyb3NvZnQuQ29tcHV0ZS9sb2NhdGlvbnMvZWFzdHVzL2NhcHNPcGVyYXRpb25zL2RiZDE0ZDhjLTIxMTUtNDcxYi1hZGEyLWE5NDY0NTdiNWNiMz9hcGktdmVyc2lvbj0yMDIwLTA5LTMw",
      "RequestMethod": "GET",
      "RequestBody": "",
      "RequestHeaders": {
        "x-ms-client-request-id": [
          "3c3489a3-9b7c-40c5-b606-0c42eb044cf9"
        ],
        "User-Agent": [
          "FxVersion/4.6.30015.01",
          "OSName/Windows",
          "OSVersion/Microsoft.Windows.10.0.19043.",
          "Microsoft.Azure.Management.Compute.ComputeManagementClient/47.0.0"
        ]
      },
      "ResponseHeaders": {
        "Cache-Control": [
          "no-cache"
        ],
        "Pragma": [
          "no-cache"
        ],
        "x-ms-ratelimit-remaining-resource": [
          "Microsoft.Compute/GetOperationStatus3Min;1198,Microsoft.Compute/GetOperationStatus30Min;4195"
        ],
        "Strict-Transport-Security": [
          "max-age=31536000; includeSubDomains"
        ],
        "x-ms-served-by": [
          "70d5434e-5504-4968-b956-f8d027c07083_132701665974705278,70d5434e-5504-4968-b956-f8d027c07083_132701665974705278"
        ],
        "x-ms-request-id": [
          "3b8647e8-7832-427d-b73b-a398e622eed8"
        ],
        "Server": [
          "Microsoft-HTTPAPI/2.0",
          "Microsoft-HTTPAPI/2.0"
        ],
        "x-ms-ratelimit-remaining-subscription-reads": [
          "11999"
        ],
        "x-ms-correlation-request-id": [
          "05994129-bcfd-4639-9cb4-5c7aa9298c70"
        ],
        "x-ms-routing-request-id": [
          "CENTRALUS:20210712T212204Z:05994129-bcfd-4639-9cb4-5c7aa9298c70"
        ],
        "X-Content-Type-Options": [
          "nosniff"
        ],
        "Date": [
          "Mon, 12 Jul 2021 21:22:04 GMT"
        ],
        "Content-Length": [
          "184"
        ],
        "Content-Type": [
          "application/json; charset=utf-8"
        ],
        "Expires": [
          "-1"
        ]
      },
      "ResponseBody": "{\r\n  \"startTime\": \"2021-07-12T17:21:34.1757109-04:00\",\r\n  \"endTime\": \"2021-07-12T17:21:34.3944539-04:00\",\r\n  \"status\": \"Succeeded\",\r\n  \"name\": \"dbd14d8c-2115-471b-ada2-a946457b5cb3\"\r\n}",
      "StatusCode": 200
    },
    {
      "RequestUri": "/subscriptions/e37510d7-33b6-4676-886f-ee75bcc01871/resourceGroups/crptestps7018/providers/Microsoft.Compute/galleries/gallerycrptestps7018?api-version=2020-09-30",
      "EncodedRequestUri": "L3N1YnNjcmlwdGlvbnMvZTM3NTEwZDctMzNiNi00Njc2LTg4NmYtZWU3NWJjYzAxODcxL3Jlc291cmNlR3JvdXBzL2NycHRlc3RwczcwMTgvcHJvdmlkZXJzL01pY3Jvc29mdC5Db21wdXRlL2dhbGxlcmllcy9nYWxsZXJ5Y3JwdGVzdHBzNzAxOD9hcGktdmVyc2lvbj0yMDIwLTA5LTMw",
      "RequestMethod": "GET",
      "RequestBody": "",
      "RequestHeaders": {
        "x-ms-client-request-id": [
          "3c3489a3-9b7c-40c5-b606-0c42eb044cf9"
        ],
        "User-Agent": [
          "FxVersion/4.6.30015.01",
          "OSName/Windows",
          "OSVersion/Microsoft.Windows.10.0.19043.",
          "Microsoft.Azure.Management.Compute.ComputeManagementClient/47.0.0"
        ]
      },
      "ResponseHeaders": {
        "Cache-Control": [
          "no-cache"
        ],
        "Pragma": [
          "no-cache"
        ],
        "x-ms-ratelimit-remaining-resource": [
          "Microsoft.Compute/GetGallery3Min;346,Microsoft.Compute/GetGallery30Min;2491"
        ],
        "Strict-Transport-Security": [
          "max-age=31536000; includeSubDomains"
        ],
        "x-ms-served-by": [
          "70d5434e-5504-4968-b956-f8d027c07083_132701665974705278,70d5434e-5504-4968-b956-f8d027c07083_132701665974705278"
        ],
        "x-ms-request-id": [
          "195414cd-9031-4e14-9ed0-1504ced2131a"
        ],
        "Server": [
          "Microsoft-HTTPAPI/2.0",
          "Microsoft-HTTPAPI/2.0"
        ],
        "x-ms-ratelimit-remaining-subscription-reads": [
          "11998"
        ],
        "x-ms-correlation-request-id": [
          "f16aaea4-bce1-444d-a3bb-1bf24181c46f"
        ],
        "x-ms-routing-request-id": [
          "CENTRALUS:20210712T212204Z:f16aaea4-bce1-444d-a3bb-1bf24181c46f"
        ],
        "X-Content-Type-Options": [
          "nosniff"
        ],
        "Date": [
          "Mon, 12 Jul 2021 21:22:04 GMT"
        ],
        "Content-Length": [
          "430"
        ],
        "Content-Type": [
          "application/json; charset=utf-8"
        ],
        "Expires": [
          "-1"
        ]
      },
      "ResponseBody": "{\r\n  \"name\": \"gallerycrptestps7018\",\r\n  \"id\": \"/subscriptions/e37510d7-33b6-4676-886f-ee75bcc01871/resourceGroups/crptestps7018/providers/Microsoft.Compute/galleries/gallerycrptestps7018\",\r\n  \"type\": \"Microsoft.Compute/galleries\",\r\n  \"location\": \"eastus\",\r\n  \"properties\": {\r\n    \"identifier\": {\r\n      \"uniqueName\": \"e37510d7-33b6-4676-886f-ee75bcc01871-GALLERYCRPTESTPS7018\"\r\n    },\r\n    \"provisioningState\": \"Succeeded\"\r\n  }\r\n}",
      "StatusCode": 200
    },
    {
      "RequestUri": "/subscriptions/e37510d7-33b6-4676-886f-ee75bcc01871/resourceGroups/crptestps7018/providers/Microsoft.Compute/galleries/gallerycrptestps7018?api-version=2020-09-30",
      "EncodedRequestUri": "L3N1YnNjcmlwdGlvbnMvZTM3NTEwZDctMzNiNi00Njc2LTg4NmYtZWU3NWJjYzAxODcxL3Jlc291cmNlR3JvdXBzL2NycHRlc3RwczcwMTgvcHJvdmlkZXJzL01pY3Jvc29mdC5Db21wdXRlL2dhbGxlcmllcy9nYWxsZXJ5Y3JwdGVzdHBzNzAxOD9hcGktdmVyc2lvbj0yMDIwLTA5LTMw",
      "RequestMethod": "GET",
      "RequestBody": "",
      "RequestHeaders": {
        "x-ms-client-request-id": [
          "e564f4ac-c665-400f-b1d5-948ad09a7276"
        ],
        "Accept-Language": [
          "en-US"
        ],
        "User-Agent": [
          "FxVersion/4.6.30015.01",
          "OSName/Windows",
          "OSVersion/Microsoft.Windows.10.0.19043.",
          "Microsoft.Azure.Management.Compute.ComputeManagementClient/47.0.0"
        ]
      },
      "ResponseHeaders": {
        "Cache-Control": [
          "no-cache"
        ],
        "Pragma": [
          "no-cache"
        ],
        "x-ms-ratelimit-remaining-resource": [
          "Microsoft.Compute/GetGallery3Min;344,Microsoft.Compute/GetGallery30Min;2489"
        ],
        "Strict-Transport-Security": [
          "max-age=31536000; includeSubDomains"
        ],
        "x-ms-served-by": [
          "70d5434e-5504-4968-b956-f8d027c07083_132701665974705278,70d5434e-5504-4968-b956-f8d027c07083_132701665974705278"
        ],
        "x-ms-request-id": [
          "eff09249-e58d-47a3-8ae7-36cf25dae087"
        ],
        "Server": [
          "Microsoft-HTTPAPI/2.0",
          "Microsoft-HTTPAPI/2.0"
        ],
        "x-ms-ratelimit-remaining-subscription-reads": [
          "11999"
        ],
        "x-ms-correlation-request-id": [
          "b7f952fe-0aeb-4f9f-ad1c-55ee91b4bd65"
        ],
        "x-ms-routing-request-id": [
          "SOUTHCENTRALUS:20210712T212205Z:b7f952fe-0aeb-4f9f-ad1c-55ee91b4bd65"
        ],
        "X-Content-Type-Options": [
          "nosniff"
        ],
        "Date": [
          "Mon, 12 Jul 2021 21:22:05 GMT"
        ],
        "Content-Length": [
          "430"
        ],
        "Content-Type": [
          "application/json; charset=utf-8"
        ],
        "Expires": [
          "-1"
        ]
      },
      "ResponseBody": "{\r\n  \"name\": \"gallerycrptestps7018\",\r\n  \"id\": \"/subscriptions/e37510d7-33b6-4676-886f-ee75bcc01871/resourceGroups/crptestps7018/providers/Microsoft.Compute/galleries/gallerycrptestps7018\",\r\n  \"type\": \"Microsoft.Compute/galleries\",\r\n  \"location\": \"eastus\",\r\n  \"properties\": {\r\n    \"identifier\": {\r\n      \"uniqueName\": \"e37510d7-33b6-4676-886f-ee75bcc01871-GALLERYCRPTESTPS7018\"\r\n    },\r\n    \"provisioningState\": \"Succeeded\"\r\n  }\r\n}",
      "StatusCode": 200
    },
    {
      "RequestUri": "/subscriptions/e37510d7-33b6-4676-886f-ee75bcc01871/resourceGroups/crptestps7018/providers/Microsoft.Compute/galleries/gallerycrptestps7018?api-version=2020-09-30",
      "EncodedRequestUri": "L3N1YnNjcmlwdGlvbnMvZTM3NTEwZDctMzNiNi00Njc2LTg4NmYtZWU3NWJjYzAxODcxL3Jlc291cmNlR3JvdXBzL2NycHRlc3RwczcwMTgvcHJvdmlkZXJzL01pY3Jvc29mdC5Db21wdXRlL2dhbGxlcmllcy9nYWxsZXJ5Y3JwdGVzdHBzNzAxOD9hcGktdmVyc2lvbj0yMDIwLTA5LTMw",
      "RequestMethod": "GET",
      "RequestBody": "",
      "RequestHeaders": {
        "x-ms-client-request-id": [
          "e564f4ac-c665-400f-b1d5-948ad09a7276"
        ],
        "User-Agent": [
          "FxVersion/4.6.30015.01",
          "OSName/Windows",
          "OSVersion/Microsoft.Windows.10.0.19043.",
          "Microsoft.Azure.Management.Compute.ComputeManagementClient/47.0.0"
        ]
      },
      "ResponseHeaders": {
        "Cache-Control": [
          "no-cache"
        ],
        "Pragma": [
          "no-cache"
        ],
        "x-ms-ratelimit-remaining-resource": [
          "Microsoft.Compute/GetGallery3Min;343,Microsoft.Compute/GetGallery30Min;2488"
        ],
        "Strict-Transport-Security": [
          "max-age=31536000; includeSubDomains"
        ],
        "x-ms-served-by": [
          "70d5434e-5504-4968-b956-f8d027c07083_132701665974705278,70d5434e-5504-4968-b956-f8d027c07083_132701665974705278"
        ],
        "x-ms-request-id": [
          "1b6c8864-28de-4257-a82e-6f7b84191dad"
        ],
        "Server": [
          "Microsoft-HTTPAPI/2.0",
          "Microsoft-HTTPAPI/2.0"
        ],
        "x-ms-ratelimit-remaining-subscription-reads": [
          "11998"
        ],
        "x-ms-correlation-request-id": [
          "f7e9c34e-fe9d-4f54-a888-bcf030d80924"
        ],
        "x-ms-routing-request-id": [
          "SOUTHCENTRALUS:20210712T212206Z:f7e9c34e-fe9d-4f54-a888-bcf030d80924"
        ],
        "X-Content-Type-Options": [
          "nosniff"
        ],
        "Date": [
          "Mon, 12 Jul 2021 21:22:05 GMT"
        ],
        "Content-Length": [
          "430"
        ],
        "Content-Type": [
          "application/json; charset=utf-8"
        ],
        "Expires": [
          "-1"
        ]
      },
      "ResponseBody": "{\r\n  \"name\": \"gallerycrptestps7018\",\r\n  \"id\": \"/subscriptions/e37510d7-33b6-4676-886f-ee75bcc01871/resourceGroups/crptestps7018/providers/Microsoft.Compute/galleries/gallerycrptestps7018\",\r\n  \"type\": \"Microsoft.Compute/galleries\",\r\n  \"location\": \"eastus\",\r\n  \"properties\": {\r\n    \"identifier\": {\r\n      \"uniqueName\": \"e37510d7-33b6-4676-886f-ee75bcc01871-GALLERYCRPTESTPS7018\"\r\n    },\r\n    \"provisioningState\": \"Succeeded\"\r\n  }\r\n}",
      "StatusCode": 200
    },
    {
      "RequestUri": "/subscriptions/e37510d7-33b6-4676-886f-ee75bcc01871/resourceGroups/crptestps7018/providers/Microsoft.Compute/galleries/gallerycrptestps7018?api-version=2020-09-30",
      "EncodedRequestUri": "L3N1YnNjcmlwdGlvbnMvZTM3NTEwZDctMzNiNi00Njc2LTg4NmYtZWU3NWJjYzAxODcxL3Jlc291cmNlR3JvdXBzL2NycHRlc3RwczcwMTgvcHJvdmlkZXJzL01pY3Jvc29mdC5Db21wdXRlL2dhbGxlcmllcy9nYWxsZXJ5Y3JwdGVzdHBzNzAxOD9hcGktdmVyc2lvbj0yMDIwLTA5LTMw",
      "RequestMethod": "GET",
      "RequestBody": "",
      "RequestHeaders": {
        "x-ms-client-request-id": [
          "27c0ed1b-b785-4d5e-9ea8-7b31c45d2b12"
        ],
        "Accept-Language": [
          "en-US"
        ],
        "User-Agent": [
          "FxVersion/4.6.30015.01",
          "OSName/Windows",
          "OSVersion/Microsoft.Windows.10.0.19043.",
          "Microsoft.Azure.Management.Compute.ComputeManagementClient/47.0.0"
        ]
      },
      "ResponseHeaders": {
        "Cache-Control": [
          "no-cache"
        ],
        "Pragma": [
          "no-cache"
        ],
        "x-ms-ratelimit-remaining-resource": [
          "Microsoft.Compute/GetGallery3Min;339,Microsoft.Compute/GetGallery30Min;2484"
        ],
        "Strict-Transport-Security": [
          "max-age=31536000; includeSubDomains"
        ],
        "x-ms-served-by": [
          "70d5434e-5504-4968-b956-f8d027c07083_132701665974705278,70d5434e-5504-4968-b956-f8d027c07083_132701665974705278"
        ],
        "x-ms-request-id": [
          "d700c0af-876d-4c12-8dfd-a2a93a49d435"
        ],
        "Server": [
          "Microsoft-HTTPAPI/2.0",
          "Microsoft-HTTPAPI/2.0"
        ],
        "x-ms-ratelimit-remaining-subscription-reads": [
          "11999"
        ],
        "x-ms-correlation-request-id": [
          "a14fceb2-a9f4-4cdd-96df-83fc934d7714"
        ],
        "x-ms-routing-request-id": [
          "CENTRALUS:20210712T212237Z:a14fceb2-a9f4-4cdd-96df-83fc934d7714"
        ],
        "X-Content-Type-Options": [
          "nosniff"
        ],
        "Date": [
          "Mon, 12 Jul 2021 21:22:36 GMT"
        ],
        "Content-Length": [
          "430"
        ],
        "Content-Type": [
          "application/json; charset=utf-8"
        ],
        "Expires": [
          "-1"
        ]
      },
      "ResponseBody": "{\r\n  \"name\": \"gallerycrptestps7018\",\r\n  \"id\": \"/subscriptions/e37510d7-33b6-4676-886f-ee75bcc01871/resourceGroups/crptestps7018/providers/Microsoft.Compute/galleries/gallerycrptestps7018\",\r\n  \"type\": \"Microsoft.Compute/galleries\",\r\n  \"location\": \"eastus\",\r\n  \"properties\": {\r\n    \"identifier\": {\r\n      \"uniqueName\": \"e37510d7-33b6-4676-886f-ee75bcc01871-GALLERYCRPTESTPS7018\"\r\n    },\r\n    \"provisioningState\": \"Succeeded\"\r\n  }\r\n}",
      "StatusCode": 200
    },
    {
      "RequestUri": "/subscriptions/e37510d7-33b6-4676-886f-ee75bcc01871/resourceGroups/crptestps7018/providers/Microsoft.Compute/galleries/gallerycrptestps7018?api-version=2020-09-30",
      "EncodedRequestUri": "L3N1YnNjcmlwdGlvbnMvZTM3NTEwZDctMzNiNi00Njc2LTg4NmYtZWU3NWJjYzAxODcxL3Jlc291cmNlR3JvdXBzL2NycHRlc3RwczcwMTgvcHJvdmlkZXJzL01pY3Jvc29mdC5Db21wdXRlL2dhbGxlcmllcy9nYWxsZXJ5Y3JwdGVzdHBzNzAxOD9hcGktdmVyc2lvbj0yMDIwLTA5LTMw",
      "RequestMethod": "GET",
      "RequestBody": "",
      "RequestHeaders": {
        "x-ms-client-request-id": [
          "27c0ed1b-b785-4d5e-9ea8-7b31c45d2b12"
        ],
        "User-Agent": [
          "FxVersion/4.6.30015.01",
          "OSName/Windows",
          "OSVersion/Microsoft.Windows.10.0.19043.",
          "Microsoft.Azure.Management.Compute.ComputeManagementClient/47.0.0"
        ]
      },
      "ResponseHeaders": {
        "Cache-Control": [
          "no-cache"
        ],
        "Pragma": [
          "no-cache"
        ],
        "x-ms-ratelimit-remaining-resource": [
          "Microsoft.Compute/GetGallery3Min;338,Microsoft.Compute/GetGallery30Min;2483"
        ],
        "Strict-Transport-Security": [
          "max-age=31536000; includeSubDomains"
        ],
        "x-ms-served-by": [
          "70d5434e-5504-4968-b956-f8d027c07083_132701665974705278,70d5434e-5504-4968-b956-f8d027c07083_132701665974705278"
        ],
        "x-ms-request-id": [
          "a9fcf859-bbed-47cd-9f79-439c8a27ee7c"
        ],
        "Server": [
          "Microsoft-HTTPAPI/2.0",
          "Microsoft-HTTPAPI/2.0"
        ],
        "x-ms-ratelimit-remaining-subscription-reads": [
          "11998"
        ],
        "x-ms-correlation-request-id": [
          "03943f33-ef97-4f42-b628-ad63838faff1"
        ],
        "x-ms-routing-request-id": [
          "CENTRALUS:20210712T212237Z:03943f33-ef97-4f42-b628-ad63838faff1"
        ],
        "X-Content-Type-Options": [
          "nosniff"
        ],
        "Date": [
          "Mon, 12 Jul 2021 21:22:37 GMT"
        ],
        "Content-Length": [
          "430"
        ],
        "Content-Type": [
          "application/json; charset=utf-8"
        ],
        "Expires": [
          "-1"
        ]
      },
      "ResponseBody": "{\r\n  \"name\": \"gallerycrptestps7018\",\r\n  \"id\": \"/subscriptions/e37510d7-33b6-4676-886f-ee75bcc01871/resourceGroups/crptestps7018/providers/Microsoft.Compute/galleries/gallerycrptestps7018\",\r\n  \"type\": \"Microsoft.Compute/galleries\",\r\n  \"location\": \"eastus\",\r\n  \"properties\": {\r\n    \"identifier\": {\r\n      \"uniqueName\": \"e37510d7-33b6-4676-886f-ee75bcc01871-GALLERYCRPTESTPS7018\"\r\n    },\r\n    \"provisioningState\": \"Succeeded\"\r\n  }\r\n}",
      "StatusCode": 200
    },
    {
      "RequestUri": "/subscriptions/e37510d7-33b6-4676-886f-ee75bcc01871/resourceGroups/crptestps7018/providers/Microsoft.Compute/galleries/gallerycrptestps7018?api-version=2020-09-30",
      "EncodedRequestUri": "L3N1YnNjcmlwdGlvbnMvZTM3NTEwZDctMzNiNi00Njc2LTg4NmYtZWU3NWJjYzAxODcxL3Jlc291cmNlR3JvdXBzL2NycHRlc3RwczcwMTgvcHJvdmlkZXJzL01pY3Jvc29mdC5Db21wdXRlL2dhbGxlcmllcy9nYWxsZXJ5Y3JwdGVzdHBzNzAxOD9hcGktdmVyc2lvbj0yMDIwLTA5LTMw",
      "RequestMethod": "GET",
      "RequestBody": "",
      "RequestHeaders": {
        "x-ms-client-request-id": [
          "c6d5cfff-66bb-4db8-8f46-50bfdcc7cd9f"
        ],
        "Accept-Language": [
          "en-US"
        ],
        "User-Agent": [
          "FxVersion/4.6.30015.01",
          "OSName/Windows",
          "OSVersion/Microsoft.Windows.10.0.19043.",
          "Microsoft.Azure.Management.Compute.ComputeManagementClient/47.0.0"
        ]
      },
      "ResponseHeaders": {
        "Cache-Control": [
          "no-cache"
        ],
        "Pragma": [
          "no-cache"
        ],
        "x-ms-ratelimit-remaining-resource": [
          "Microsoft.Compute/GetGallery3Min;335,Microsoft.Compute/GetGallery30Min;2480"
        ],
        "Strict-Transport-Security": [
          "max-age=31536000; includeSubDomains"
        ],
        "x-ms-served-by": [
          "70d5434e-5504-4968-b956-f8d027c07083_132701665974705278,70d5434e-5504-4968-b956-f8d027c07083_132701665974705278"
        ],
        "x-ms-request-id": [
          "4fd90726-735f-464f-a421-8a406ef6c0de"
        ],
        "Server": [
          "Microsoft-HTTPAPI/2.0",
          "Microsoft-HTTPAPI/2.0"
        ],
        "x-ms-ratelimit-remaining-subscription-reads": [
          "11999"
        ],
        "x-ms-correlation-request-id": [
          "03e994c9-caf9-4184-b117-eceb3b296019"
        ],
        "x-ms-routing-request-id": [
          "CENTRALUS:20210712T212308Z:03e994c9-caf9-4184-b117-eceb3b296019"
        ],
        "X-Content-Type-Options": [
          "nosniff"
        ],
        "Date": [
          "Mon, 12 Jul 2021 21:23:08 GMT"
        ],
        "Content-Length": [
          "430"
        ],
        "Content-Type": [
          "application/json; charset=utf-8"
        ],
        "Expires": [
          "-1"
        ]
      },
      "ResponseBody": "{\r\n  \"name\": \"gallerycrptestps7018\",\r\n  \"id\": \"/subscriptions/e37510d7-33b6-4676-886f-ee75bcc01871/resourceGroups/crptestps7018/providers/Microsoft.Compute/galleries/gallerycrptestps7018\",\r\n  \"type\": \"Microsoft.Compute/galleries\",\r\n  \"location\": \"eastus\",\r\n  \"properties\": {\r\n    \"identifier\": {\r\n      \"uniqueName\": \"e37510d7-33b6-4676-886f-ee75bcc01871-GALLERYCRPTESTPS7018\"\r\n    },\r\n    \"provisioningState\": \"Succeeded\"\r\n  }\r\n}",
      "StatusCode": 200
    },
    {
      "RequestUri": "/subscriptions/e37510d7-33b6-4676-886f-ee75bcc01871/resourceGroups/crptestps7018/providers/Microsoft.Compute/galleries/gallerycrptestps7018?api-version=2020-09-30",
      "EncodedRequestUri": "L3N1YnNjcmlwdGlvbnMvZTM3NTEwZDctMzNiNi00Njc2LTg4NmYtZWU3NWJjYzAxODcxL3Jlc291cmNlR3JvdXBzL2NycHRlc3RwczcwMTgvcHJvdmlkZXJzL01pY3Jvc29mdC5Db21wdXRlL2dhbGxlcmllcy9nYWxsZXJ5Y3JwdGVzdHBzNzAxOD9hcGktdmVyc2lvbj0yMDIwLTA5LTMw",
      "RequestMethod": "GET",
      "RequestBody": "",
      "RequestHeaders": {
        "x-ms-client-request-id": [
          "c6d5cfff-66bb-4db8-8f46-50bfdcc7cd9f"
        ],
        "User-Agent": [
          "FxVersion/4.6.30015.01",
          "OSName/Windows",
          "OSVersion/Microsoft.Windows.10.0.19043.",
          "Microsoft.Azure.Management.Compute.ComputeManagementClient/47.0.0"
        ]
      },
      "ResponseHeaders": {
        "Cache-Control": [
          "no-cache"
        ],
        "Pragma": [
          "no-cache"
        ],
        "x-ms-ratelimit-remaining-resource": [
          "Microsoft.Compute/GetGallery3Min;334,Microsoft.Compute/GetGallery30Min;2479"
        ],
        "Strict-Transport-Security": [
          "max-age=31536000; includeSubDomains"
        ],
        "x-ms-served-by": [
          "70d5434e-5504-4968-b956-f8d027c07083_132701665974705278,70d5434e-5504-4968-b956-f8d027c07083_132701665974705278"
        ],
        "x-ms-request-id": [
          "b9d5321a-82fe-4347-8b5a-1856f0fc0bf4"
        ],
        "Server": [
          "Microsoft-HTTPAPI/2.0",
          "Microsoft-HTTPAPI/2.0"
        ],
        "x-ms-ratelimit-remaining-subscription-reads": [
          "11998"
        ],
        "x-ms-correlation-request-id": [
          "a86250c8-b860-42b3-b129-b12b1e0935fb"
        ],
        "x-ms-routing-request-id": [
          "CENTRALUS:20210712T212309Z:a86250c8-b860-42b3-b129-b12b1e0935fb"
        ],
        "X-Content-Type-Options": [
          "nosniff"
        ],
        "Date": [
          "Mon, 12 Jul 2021 21:23:09 GMT"
        ],
        "Content-Length": [
          "430"
        ],
        "Content-Type": [
          "application/json; charset=utf-8"
        ],
        "Expires": [
          "-1"
        ]
      },
      "ResponseBody": "{\r\n  \"name\": \"gallerycrptestps7018\",\r\n  \"id\": \"/subscriptions/e37510d7-33b6-4676-886f-ee75bcc01871/resourceGroups/crptestps7018/providers/Microsoft.Compute/galleries/gallerycrptestps7018\",\r\n  \"type\": \"Microsoft.Compute/galleries\",\r\n  \"location\": \"eastus\",\r\n  \"properties\": {\r\n    \"identifier\": {\r\n      \"uniqueName\": \"e37510d7-33b6-4676-886f-ee75bcc01871-GALLERYCRPTESTPS7018\"\r\n    },\r\n    \"provisioningState\": \"Succeeded\"\r\n  }\r\n}",
      "StatusCode": 200
    },
    {
      "RequestUri": "/subscriptions/e37510d7-33b6-4676-886f-ee75bcc01871/resourceGroups/crptestps7018/providers/Microsoft.Compute/galleries/gallerycrptestps7018?api-version=2020-09-30&$select=Permissions",
      "EncodedRequestUri": "L3N1YnNjcmlwdGlvbnMvZTM3NTEwZDctMzNiNi00Njc2LTg4NmYtZWU3NWJjYzAxODcxL3Jlc291cmNlR3JvdXBzL2NycHRlc3RwczcwMTgvcHJvdmlkZXJzL01pY3Jvc29mdC5Db21wdXRlL2dhbGxlcmllcy9nYWxsZXJ5Y3JwdGVzdHBzNzAxOD9hcGktdmVyc2lvbj0yMDIwLTA5LTMwJiRzZWxlY3Q9UGVybWlzc2lvbnM=",
      "RequestMethod": "GET",
      "RequestBody": "",
      "RequestHeaders": {
        "x-ms-client-request-id": [
          "3f165366-de02-4d45-ab89-f0c1fe920200"
        ],
        "Accept-Language": [
          "en-US"
        ],
        "User-Agent": [
          "FxVersion/4.6.30015.01",
          "OSName/Windows",
          "OSVersion/Microsoft.Windows.10.0.19043.",
          "Microsoft.Azure.Management.Compute.ComputeManagementClient/47.0.0"
        ]
      },
      "ResponseHeaders": {
        "Cache-Control": [
          "no-cache"
        ],
        "Pragma": [
          "no-cache"
        ],
        "x-ms-ratelimit-remaining-resource": [
          "Microsoft.Compute/GetGallery3Min;345,Microsoft.Compute/GetGallery30Min;2490"
        ],
        "Strict-Transport-Security": [
          "max-age=31536000; includeSubDomains"
        ],
        "x-ms-served-by": [
          "70d5434e-5504-4968-b956-f8d027c07083_132701665974705278,70d5434e-5504-4968-b956-f8d027c07083_132701665974705278"
        ],
        "x-ms-request-id": [
          "91502517-7a20-4f8f-9db5-33dd8545ab43"
        ],
        "Server": [
          "Microsoft-HTTPAPI/2.0",
          "Microsoft-HTTPAPI/2.0"
        ],
        "x-ms-ratelimit-remaining-subscription-reads": [
          "11999"
        ],
        "x-ms-correlation-request-id": [
          "3f7fefb1-863f-4a24-a3b3-98c299d3e728"
        ],
        "x-ms-routing-request-id": [
          "SOUTHCENTRALUS:20210712T212205Z:3f7fefb1-863f-4a24-a3b3-98c299d3e728"
        ],
        "X-Content-Type-Options": [
          "nosniff"
        ],
        "Date": [
          "Mon, 12 Jul 2021 21:22:04 GMT"
        ],
        "Content-Length": [
          "494"
        ],
        "Content-Type": [
          "application/json; charset=utf-8"
        ],
        "Expires": [
          "-1"
        ]
      },
      "ResponseBody": "{\r\n  \"name\": \"gallerycrptestps7018\",\r\n  \"id\": \"/subscriptions/e37510d7-33b6-4676-886f-ee75bcc01871/resourceGroups/crptestps7018/providers/Microsoft.Compute/galleries/gallerycrptestps7018\",\r\n  \"type\": \"Microsoft.Compute/galleries\",\r\n  \"location\": \"eastus\",\r\n  \"properties\": {\r\n    \"identifier\": {\r\n      \"uniqueName\": \"e37510d7-33b6-4676-886f-ee75bcc01871-GALLERYCRPTESTPS7018\"\r\n    },\r\n    \"sharingProfile\": {\r\n      \"permissions\": \"Groups\"\r\n    },\r\n    \"provisioningState\": \"Succeeded\"\r\n  }\r\n}",
      "StatusCode": 200
    },
    {
      "RequestUri": "/subscriptions/e37510d7-33b6-4676-886f-ee75bcc01871/resourceGroups/crptestps7018/providers/Microsoft.Compute/galleries/gallerycrptestps7018?api-version=2020-09-30&$select=Permissions",
      "EncodedRequestUri": "L3N1YnNjcmlwdGlvbnMvZTM3NTEwZDctMzNiNi00Njc2LTg4NmYtZWU3NWJjYzAxODcxL3Jlc291cmNlR3JvdXBzL2NycHRlc3RwczcwMTgvcHJvdmlkZXJzL01pY3Jvc29mdC5Db21wdXRlL2dhbGxlcmllcy9nYWxsZXJ5Y3JwdGVzdHBzNzAxOD9hcGktdmVyc2lvbj0yMDIwLTA5LTMwJiRzZWxlY3Q9UGVybWlzc2lvbnM=",
      "RequestMethod": "GET",
      "RequestBody": "",
      "RequestHeaders": {
        "x-ms-client-request-id": [
          "e564f4ac-c665-400f-b1d5-948ad09a7276"
        ],
        "Accept-Language": [
          "en-US"
        ],
        "User-Agent": [
          "FxVersion/4.6.30015.01",
          "OSName/Windows",
          "OSVersion/Microsoft.Windows.10.0.19043.",
          "Microsoft.Azure.Management.Compute.ComputeManagementClient/47.0.0"
        ]
      },
      "ResponseHeaders": {
        "Cache-Control": [
          "no-cache"
        ],
        "Pragma": [
          "no-cache"
        ],
        "x-ms-ratelimit-remaining-resource": [
          "Microsoft.Compute/GetGallery3Min;340,Microsoft.Compute/GetGallery30Min;2485"
        ],
        "Strict-Transport-Security": [
          "max-age=31536000; includeSubDomains"
        ],
        "x-ms-served-by": [
          "70d5434e-5504-4968-b956-f8d027c07083_132701665974705278,70d5434e-5504-4968-b956-f8d027c07083_132701665974705278"
        ],
        "x-ms-request-id": [
          "174802bf-f513-43a6-afa5-fd4dfc6dd7aa"
        ],
        "Server": [
          "Microsoft-HTTPAPI/2.0",
          "Microsoft-HTTPAPI/2.0"
        ],
        "x-ms-ratelimit-remaining-subscription-reads": [
          "11995"
        ],
        "x-ms-correlation-request-id": [
          "15f89758-9e6b-4138-a7d6-31532e43f2d7"
        ],
        "x-ms-routing-request-id": [
          "SOUTHCENTRALUS:20210712T212236Z:15f89758-9e6b-4138-a7d6-31532e43f2d7"
        ],
        "X-Content-Type-Options": [
          "nosniff"
        ],
        "Date": [
          "Mon, 12 Jul 2021 21:22:36 GMT"
        ],
        "Content-Length": [
          "495"
        ],
        "Content-Type": [
          "application/json; charset=utf-8"
        ],
        "Expires": [
          "-1"
        ]
      },
      "ResponseBody": "{\r\n  \"name\": \"gallerycrptestps7018\",\r\n  \"id\": \"/subscriptions/e37510d7-33b6-4676-886f-ee75bcc01871/resourceGroups/crptestps7018/providers/Microsoft.Compute/galleries/gallerycrptestps7018\",\r\n  \"type\": \"Microsoft.Compute/galleries\",\r\n  \"location\": \"eastus\",\r\n  \"properties\": {\r\n    \"identifier\": {\r\n      \"uniqueName\": \"e37510d7-33b6-4676-886f-ee75bcc01871-GALLERYCRPTESTPS7018\"\r\n    },\r\n    \"sharingProfile\": {\r\n      \"permissions\": \"Private\"\r\n    },\r\n    \"provisioningState\": \"Succeeded\"\r\n  }\r\n}",
      "StatusCode": 200
    },
    {
      "RequestUri": "/subscriptions/e37510d7-33b6-4676-886f-ee75bcc01871/resourceGroups/crptestps7018/providers/Microsoft.Compute/galleries/gallerycrptestps7018?api-version=2020-09-30&$select=Permissions",
      "EncodedRequestUri": "L3N1YnNjcmlwdGlvbnMvZTM3NTEwZDctMzNiNi00Njc2LTg4NmYtZWU3NWJjYzAxODcxL3Jlc291cmNlR3JvdXBzL2NycHRlc3RwczcwMTgvcHJvdmlkZXJzL01pY3Jvc29mdC5Db21wdXRlL2dhbGxlcmllcy9nYWxsZXJ5Y3JwdGVzdHBzNzAxOD9hcGktdmVyc2lvbj0yMDIwLTA5LTMwJiRzZWxlY3Q9UGVybWlzc2lvbnM=",
      "RequestMethod": "GET",
      "RequestBody": "",
      "RequestHeaders": {
        "x-ms-client-request-id": [
          "27c0ed1b-b785-4d5e-9ea8-7b31c45d2b12"
        ],
        "Accept-Language": [
          "en-US"
        ],
        "User-Agent": [
          "FxVersion/4.6.30015.01",
          "OSName/Windows",
          "OSVersion/Microsoft.Windows.10.0.19043.",
          "Microsoft.Azure.Management.Compute.ComputeManagementClient/47.0.0"
        ]
      },
      "ResponseHeaders": {
        "Cache-Control": [
          "no-cache"
        ],
        "Pragma": [
          "no-cache"
        ],
        "x-ms-ratelimit-remaining-resource": [
          "Microsoft.Compute/GetGallery3Min;336,Microsoft.Compute/GetGallery30Min;2481"
        ],
        "Strict-Transport-Security": [
          "max-age=31536000; includeSubDomains"
        ],
        "x-ms-served-by": [
          "70d5434e-5504-4968-b956-f8d027c07083_132701665974705278,70d5434e-5504-4968-b956-f8d027c07083_132701665974705278"
        ],
        "x-ms-request-id": [
          "478a9d75-1a4e-476b-ac8a-1e1a0cc9b9ea"
        ],
        "Server": [
          "Microsoft-HTTPAPI/2.0",
          "Microsoft-HTTPAPI/2.0"
        ],
        "x-ms-ratelimit-remaining-subscription-reads": [
          "11995"
        ],
        "x-ms-correlation-request-id": [
          "d725fea0-2a0f-4f39-bb5e-70fb426261ad"
        ],
        "x-ms-routing-request-id": [
          "CENTRALUS:20210712T212308Z:d725fea0-2a0f-4f39-bb5e-70fb426261ad"
        ],
        "X-Content-Type-Options": [
          "nosniff"
        ],
        "Date": [
          "Mon, 12 Jul 2021 21:23:07 GMT"
        ],
        "Content-Length": [
          "719"
        ],
        "Content-Type": [
          "application/json; charset=utf-8"
        ],
        "Expires": [
          "-1"
        ]
      },
      "ResponseBody": "{\r\n  \"name\": \"gallerycrptestps7018\",\r\n  \"id\": \"/subscriptions/e37510d7-33b6-4676-886f-ee75bcc01871/resourceGroups/crptestps7018/providers/Microsoft.Compute/galleries/gallerycrptestps7018\",\r\n  \"type\": \"Microsoft.Compute/galleries\",\r\n  \"location\": \"eastus\",\r\n  \"properties\": {\r\n    \"identifier\": {\r\n      \"uniqueName\": \"e37510d7-33b6-4676-886f-ee75bcc01871-GALLERYCRPTESTPS7018\"\r\n    },\r\n    \"sharingProfile\": {\r\n      \"permissions\": \"Groups\",\r\n      \"groups\": [\r\n        {\r\n          \"type\": \"Subscriptions\",\r\n          \"ids\": [\r\n            \"88fd8cb2-8248-499e-9a2d-4929a4b0133c\",\r\n            \"54b875cc-a81a-4914-8bfd-1a36bc7ddf4d\"\r\n          ]\r\n        }\r\n      ]\r\n    },\r\n    \"provisioningState\": \"Succeeded\"\r\n  }\r\n}",
      "StatusCode": 200
    },
    {
      "RequestUri": "/subscriptions/e37510d7-33b6-4676-886f-ee75bcc01871/resourceGroups/crptestps7018/providers/Microsoft.Compute/galleries/gallerycrptestps7018?api-version=2020-09-30&$select=Permissions",
      "EncodedRequestUri": "L3N1YnNjcmlwdGlvbnMvZTM3NTEwZDctMzNiNi00Njc2LTg4NmYtZWU3NWJjYzAxODcxL3Jlc291cmNlR3JvdXBzL2NycHRlc3RwczcwMTgvcHJvdmlkZXJzL01pY3Jvc29mdC5Db21wdXRlL2dhbGxlcmllcy9nYWxsZXJ5Y3JwdGVzdHBzNzAxOD9hcGktdmVyc2lvbj0yMDIwLTA5LTMwJiRzZWxlY3Q9UGVybWlzc2lvbnM=",
      "RequestMethod": "GET",
      "RequestBody": "",
      "RequestHeaders": {
        "x-ms-client-request-id": [
          "c6d5cfff-66bb-4db8-8f46-50bfdcc7cd9f"
        ],
        "Accept-Language": [
          "en-US"
        ],
        "User-Agent": [
          "FxVersion/4.6.30015.01",
          "OSName/Windows",
          "OSVersion/Microsoft.Windows.10.0.19043.",
          "Microsoft.Azure.Management.Compute.ComputeManagementClient/47.0.0"
        ]
      },
      "ResponseHeaders": {
        "Cache-Control": [
          "no-cache"
        ],
        "Pragma": [
          "no-cache"
        ],
        "x-ms-ratelimit-remaining-resource": [
          "Microsoft.Compute/GetGallery3Min;332,Microsoft.Compute/GetGallery30Min;2477"
        ],
        "Strict-Transport-Security": [
          "max-age=31536000; includeSubDomains"
        ],
        "x-ms-served-by": [
          "70d5434e-5504-4968-b956-f8d027c07083_132701665974705278,70d5434e-5504-4968-b956-f8d027c07083_132701665974705278"
        ],
        "x-ms-request-id": [
          "6ce79301-652a-4a04-a7d9-4348039f4099"
        ],
        "Server": [
          "Microsoft-HTTPAPI/2.0",
          "Microsoft-HTTPAPI/2.0"
        ],
        "x-ms-ratelimit-remaining-subscription-reads": [
          "11995"
        ],
        "x-ms-correlation-request-id": [
          "9d72293a-84f7-4623-b1e5-44784d3de4bc"
        ],
        "x-ms-routing-request-id": [
          "CENTRALUS:20210712T212340Z:9d72293a-84f7-4623-b1e5-44784d3de4bc"
        ],
        "X-Content-Type-Options": [
          "nosniff"
        ],
        "Date": [
          "Mon, 12 Jul 2021 21:23:39 GMT"
        ],
        "Content-Length": [
          "666"
        ],
        "Content-Type": [
          "application/json; charset=utf-8"
        ],
        "Expires": [
          "-1"
        ]
      },
      "ResponseBody": "{\r\n  \"name\": \"gallerycrptestps7018\",\r\n  \"id\": \"/subscriptions/e37510d7-33b6-4676-886f-ee75bcc01871/resourceGroups/crptestps7018/providers/Microsoft.Compute/galleries/gallerycrptestps7018\",\r\n  \"type\": \"Microsoft.Compute/galleries\",\r\n  \"location\": \"eastus\",\r\n  \"properties\": {\r\n    \"identifier\": {\r\n      \"uniqueName\": \"e37510d7-33b6-4676-886f-ee75bcc01871-GALLERYCRPTESTPS7018\"\r\n    },\r\n    \"sharingProfile\": {\r\n      \"permissions\": \"Groups\",\r\n      \"groups\": [\r\n        {\r\n          \"type\": \"Subscriptions\",\r\n          \"ids\": [\r\n            \"54b875cc-a81a-4914-8bfd-1a36bc7ddf4d\"\r\n          ]\r\n        }\r\n      ]\r\n    },\r\n    \"provisioningState\": \"Succeeded\"\r\n  }\r\n}",
      "StatusCode": 200
    },
    {
      "RequestUri": "/subscriptions/e37510d7-33b6-4676-886f-ee75bcc01871/resourceGroups/crptestps7018/providers/Microsoft.Compute/galleries/gallerycrptestps7018/share?api-version=2020-09-30",
      "EncodedRequestUri": "L3N1YnNjcmlwdGlvbnMvZTM3NTEwZDctMzNiNi00Njc2LTg4NmYtZWU3NWJjYzAxODcxL3Jlc291cmNlR3JvdXBzL2NycHRlc3RwczcwMTgvcHJvdmlkZXJzL01pY3Jvc29mdC5Db21wdXRlL2dhbGxlcmllcy9nYWxsZXJ5Y3JwdGVzdHBzNzAxOC9zaGFyZT9hcGktdmVyc2lvbj0yMDIwLTA5LTMw",
      "RequestMethod": "POST",
      "RequestBody": "{\r\n  \"operationType\": \"Reset\"\r\n}",
      "RequestHeaders": {
        "x-ms-client-request-id": [
          "e564f4ac-c665-400f-b1d5-948ad09a7276"
        ],
        "Accept-Language": [
          "en-US"
        ],
        "User-Agent": [
          "FxVersion/4.6.30015.01",
          "OSName/Windows",
          "OSVersion/Microsoft.Windows.10.0.19043.",
          "Microsoft.Azure.Management.Compute.ComputeManagementClient/47.0.0"
        ],
        "Content-Type": [
          "application/json; charset=utf-8"
        ],
        "Content-Length": [
          "32"
        ]
      },
      "ResponseHeaders": {
        "Cache-Control": [
          "no-cache"
        ],
        "Pragma": [
          "no-cache"
        ],
        "Location": [
          "https://management.azure.com/subscriptions/e37510d7-33b6-4676-886f-ee75bcc01871/providers/Microsoft.Compute/locations/eastus/capsOperations/9cc3c701-14bb-4df3-a4df-db82e57ebf64?monitor=true&api-version=2020-09-30"
        ],
        "Azure-AsyncOperation": [
          "https://management.azure.com/subscriptions/e37510d7-33b6-4676-886f-ee75bcc01871/providers/Microsoft.Compute/locations/eastus/capsOperations/9cc3c701-14bb-4df3-a4df-db82e57ebf64?api-version=2020-09-30"
        ],
        "x-ms-ratelimit-remaining-resource": [
          "Microsoft.Compute/PostShareGallery3Min;9,Microsoft.Compute/PostShareGallery30Min;58"
        ],
        "Strict-Transport-Security": [
          "max-age=31536000; includeSubDomains"
        ],
        "x-ms-served-by": [
          "70d5434e-5504-4968-b956-f8d027c07083_132701665974705278,70d5434e-5504-4968-b956-f8d027c07083_132701665974705278"
        ],
        "x-ms-request-id": [
          "9cc3c701-14bb-4df3-a4df-db82e57ebf64"
        ],
        "Server": [
          "Microsoft-HTTPAPI/2.0",
          "Microsoft-HTTPAPI/2.0"
        ],
        "x-ms-ratelimit-remaining-subscription-writes": [
          "1199"
        ],
        "x-ms-correlation-request-id": [
          "e71de7f2-7502-43ed-aa75-35318cd0f40e"
        ],
        "x-ms-routing-request-id": [
          "SOUTHCENTRALUS:20210712T212206Z:e71de7f2-7502-43ed-aa75-35318cd0f40e"
        ],
        "X-Content-Type-Options": [
          "nosniff"
        ],
        "Date": [
          "Mon, 12 Jul 2021 21:22:05 GMT"
        ],
        "Expires": [
          "-1"
        ],
        "Content-Length": [
          "0"
        ]
      },
      "ResponseBody": "",
      "StatusCode": 202
    },
    {
      "RequestUri": "/subscriptions/e37510d7-33b6-4676-886f-ee75bcc01871/resourceGroups/crptestps7018/providers/Microsoft.Compute/galleries/gallerycrptestps7018/share?api-version=2020-09-30",
      "EncodedRequestUri": "L3N1YnNjcmlwdGlvbnMvZTM3NTEwZDctMzNiNi00Njc2LTg4NmYtZWU3NWJjYzAxODcxL3Jlc291cmNlR3JvdXBzL2NycHRlc3RwczcwMTgvcHJvdmlkZXJzL01pY3Jvc29mdC5Db21wdXRlL2dhbGxlcmllcy9nYWxsZXJ5Y3JwdGVzdHBzNzAxOC9zaGFyZT9hcGktdmVyc2lvbj0yMDIwLTA5LTMw",
      "RequestMethod": "POST",
      "RequestBody": "{\r\n  \"operationType\": \"Add\",\r\n  \"groups\": [\r\n    {\r\n      \"type\": \"Subscriptions\",\r\n      \"ids\": [\r\n        \"88fd8cb2-8248-499e-9a2d-4929a4b0133c\",\r\n        \"54b875cc-a81a-4914-8bfd-1a36bc7ddf4d\"\r\n      ]\r\n    }\r\n  ]\r\n}",
      "RequestHeaders": {
        "x-ms-client-request-id": [
          "27c0ed1b-b785-4d5e-9ea8-7b31c45d2b12"
        ],
        "Accept-Language": [
          "en-US"
        ],
        "User-Agent": [
          "FxVersion/4.6.30015.01",
          "OSName/Windows",
          "OSVersion/Microsoft.Windows.10.0.19043.",
          "Microsoft.Azure.Management.Compute.ComputeManagementClient/47.0.0"
        ],
        "Content-Type": [
          "application/json; charset=utf-8"
        ],
        "Content-Length": [
          "219"
        ]
      },
      "ResponseHeaders": {
        "Cache-Control": [
          "no-cache"
        ],
        "Pragma": [
          "no-cache"
        ],
        "Location": [
          "https://management.azure.com/subscriptions/e37510d7-33b6-4676-886f-ee75bcc01871/providers/Microsoft.Compute/locations/eastus/capsOperations/d570d621-9a22-4027-bd0f-0d7acd69becf?monitor=true&api-version=2020-09-30"
        ],
        "Azure-AsyncOperation": [
          "https://management.azure.com/subscriptions/e37510d7-33b6-4676-886f-ee75bcc01871/providers/Microsoft.Compute/locations/eastus/capsOperations/d570d621-9a22-4027-bd0f-0d7acd69becf?api-version=2020-09-30"
        ],
        "x-ms-ratelimit-remaining-resource": [
          "Microsoft.Compute/PostShareGallery3Min;8,Microsoft.Compute/PostShareGallery30Min;57"
        ],
        "Strict-Transport-Security": [
          "max-age=31536000; includeSubDomains"
        ],
        "x-ms-served-by": [
          "70d5434e-5504-4968-b956-f8d027c07083_132701665974705278,70d5434e-5504-4968-b956-f8d027c07083_132701665974705278"
        ],
        "x-ms-request-id": [
          "d570d621-9a22-4027-bd0f-0d7acd69becf"
        ],
        "Server": [
          "Microsoft-HTTPAPI/2.0",
          "Microsoft-HTTPAPI/2.0"
        ],
        "x-ms-ratelimit-remaining-subscription-writes": [
          "1199"
        ],
        "x-ms-correlation-request-id": [
          "a0559fab-2672-4d92-a7ec-cca70bc153fd"
        ],
        "x-ms-routing-request-id": [
          "CENTRALUS:20210712T212237Z:a0559fab-2672-4d92-a7ec-cca70bc153fd"
        ],
        "X-Content-Type-Options": [
          "nosniff"
        ],
        "Date": [
          "Mon, 12 Jul 2021 21:22:37 GMT"
        ],
        "Expires": [
          "-1"
        ],
        "Content-Length": [
          "0"
        ]
      },
      "ResponseBody": "",
      "StatusCode": 202
    },
    {
      "RequestUri": "/subscriptions/e37510d7-33b6-4676-886f-ee75bcc01871/resourceGroups/crptestps7018/providers/Microsoft.Compute/galleries/gallerycrptestps7018/share?api-version=2020-09-30",
      "EncodedRequestUri": "L3N1YnNjcmlwdGlvbnMvZTM3NTEwZDctMzNiNi00Njc2LTg4NmYtZWU3NWJjYzAxODcxL3Jlc291cmNlR3JvdXBzL2NycHRlc3RwczcwMTgvcHJvdmlkZXJzL01pY3Jvc29mdC5Db21wdXRlL2dhbGxlcmllcy9nYWxsZXJ5Y3JwdGVzdHBzNzAxOC9zaGFyZT9hcGktdmVyc2lvbj0yMDIwLTA5LTMw",
      "RequestMethod": "POST",
      "RequestBody": "{\r\n  \"operationType\": \"Remove\",\r\n  \"groups\": [\r\n    {\r\n      \"type\": \"Subscriptions\",\r\n      \"ids\": [\r\n        \"88fd8cb2-8248-499e-9a2d-4929a4b0133c\"\r\n      ]\r\n    }\r\n  ]\r\n}",
      "RequestHeaders": {
        "x-ms-client-request-id": [
          "c6d5cfff-66bb-4db8-8f46-50bfdcc7cd9f"
        ],
        "Accept-Language": [
          "en-US"
        ],
        "User-Agent": [
          "FxVersion/4.6.30015.01",
          "OSName/Windows",
          "OSVersion/Microsoft.Windows.10.0.19043.",
          "Microsoft.Azure.Management.Compute.ComputeManagementClient/47.0.0"
        ],
        "Content-Type": [
          "application/json; charset=utf-8"
        ],
        "Content-Length": [
          "173"
        ]
      },
      "ResponseHeaders": {
        "Cache-Control": [
          "no-cache"
        ],
        "Pragma": [
          "no-cache"
        ],
        "Location": [
          "https://management.azure.com/subscriptions/e37510d7-33b6-4676-886f-ee75bcc01871/providers/Microsoft.Compute/locations/eastus/capsOperations/e2c3f6b9-922c-430b-8087-566a75a006cc?monitor=true&api-version=2020-09-30"
        ],
        "Azure-AsyncOperation": [
          "https://management.azure.com/subscriptions/e37510d7-33b6-4676-886f-ee75bcc01871/providers/Microsoft.Compute/locations/eastus/capsOperations/e2c3f6b9-922c-430b-8087-566a75a006cc?api-version=2020-09-30"
        ],
        "x-ms-ratelimit-remaining-resource": [
          "Microsoft.Compute/PostShareGallery3Min;7,Microsoft.Compute/PostShareGallery30Min;56"
        ],
        "Strict-Transport-Security": [
          "max-age=31536000; includeSubDomains"
        ],
        "x-ms-served-by": [
          "70d5434e-5504-4968-b956-f8d027c07083_132701665974705278,70d5434e-5504-4968-b956-f8d027c07083_132701665974705278"
        ],
        "x-ms-request-id": [
          "e2c3f6b9-922c-430b-8087-566a75a006cc"
        ],
        "Server": [
          "Microsoft-HTTPAPI/2.0",
          "Microsoft-HTTPAPI/2.0"
        ],
        "x-ms-ratelimit-remaining-subscription-writes": [
          "1199"
        ],
        "x-ms-correlation-request-id": [
          "74572736-937e-4019-ae18-f246b2f497c4"
        ],
        "x-ms-routing-request-id": [
          "CENTRALUS:20210712T212309Z:74572736-937e-4019-ae18-f246b2f497c4"
        ],
        "X-Content-Type-Options": [
          "nosniff"
        ],
        "Date": [
          "Mon, 12 Jul 2021 21:23:09 GMT"
        ],
        "Expires": [
          "-1"
        ],
        "Content-Length": [
          "0"
        ]
      },
      "ResponseBody": "",
      "StatusCode": 202
    },
    {
      "RequestUri": "/subscriptions/e37510d7-33b6-4676-886f-ee75bcc01871/providers/Microsoft.Compute/locations/eastus/capsOperations/9cc3c701-14bb-4df3-a4df-db82e57ebf64?api-version=2020-09-30",
      "EncodedRequestUri": "L3N1YnNjcmlwdGlvbnMvZTM3NTEwZDctMzNiNi00Njc2LTg4NmYtZWU3NWJjYzAxODcxL3Byb3ZpZGVycy9NaWNyb3NvZnQuQ29tcHV0ZS9sb2NhdGlvbnMvZWFzdHVzL2NhcHNPcGVyYXRpb25zLzljYzNjNzAxLTE0YmItNGRmMy1hNGRmLWRiODJlNTdlYmY2ND9hcGktdmVyc2lvbj0yMDIwLTA5LTMw",
      "RequestMethod": "GET",
      "RequestBody": "",
      "RequestHeaders": {
        "x-ms-client-request-id": [
          "e564f4ac-c665-400f-b1d5-948ad09a7276"
        ],
        "User-Agent": [
          "FxVersion/4.6.30015.01",
          "OSName/Windows",
          "OSVersion/Microsoft.Windows.10.0.19043.",
          "Microsoft.Azure.Management.Compute.ComputeManagementClient/47.0.0"
        ]
      },
      "ResponseHeaders": {
        "Cache-Control": [
          "no-cache"
        ],
        "Pragma": [
          "no-cache"
        ],
        "x-ms-ratelimit-remaining-resource": [
          "Microsoft.Compute/GetOperationStatus3Min;1196,Microsoft.Compute/GetOperationStatus30Min;4193"
        ],
        "Strict-Transport-Security": [
          "max-age=31536000; includeSubDomains"
        ],
        "x-ms-served-by": [
          "70d5434e-5504-4968-b956-f8d027c07083_132701665974705278,70d5434e-5504-4968-b956-f8d027c07083_132701665974705278"
        ],
        "x-ms-request-id": [
          "25c4c52a-bc07-4970-ac93-0fcd3cbccfeb"
        ],
        "Server": [
          "Microsoft-HTTPAPI/2.0",
          "Microsoft-HTTPAPI/2.0"
        ],
        "x-ms-ratelimit-remaining-subscription-reads": [
          "11997"
        ],
        "x-ms-correlation-request-id": [
          "b7890d85-9a69-4667-86a6-4307806c76b8"
        ],
        "x-ms-routing-request-id": [
          "SOUTHCENTRALUS:20210712T212236Z:b7890d85-9a69-4667-86a6-4307806c76b8"
        ],
        "X-Content-Type-Options": [
          "nosniff"
        ],
        "Date": [
          "Mon, 12 Jul 2021 21:22:36 GMT"
        ],
        "Content-Length": [
          "183"
        ],
        "Content-Type": [
          "application/json; charset=utf-8"
        ],
        "Expires": [
          "-1"
        ]
      },
      "ResponseBody": "{\r\n  \"startTime\": \"2021-07-12T17:22:06.597853-04:00\",\r\n  \"endTime\": \"2021-07-12T17:22:06.6446821-04:00\",\r\n  \"status\": \"Succeeded\",\r\n  \"name\": \"9cc3c701-14bb-4df3-a4df-db82e57ebf64\"\r\n}",
      "StatusCode": 200
    },
    {
      "RequestUri": "/subscriptions/e37510d7-33b6-4676-886f-ee75bcc01871/providers/Microsoft.Compute/locations/eastus/capsOperations/9cc3c701-14bb-4df3-a4df-db82e57ebf64?monitor=true&api-version=2020-09-30",
      "EncodedRequestUri": "L3N1YnNjcmlwdGlvbnMvZTM3NTEwZDctMzNiNi00Njc2LTg4NmYtZWU3NWJjYzAxODcxL3Byb3ZpZGVycy9NaWNyb3NvZnQuQ29tcHV0ZS9sb2NhdGlvbnMvZWFzdHVzL2NhcHNPcGVyYXRpb25zLzljYzNjNzAxLTE0YmItNGRmMy1hNGRmLWRiODJlNTdlYmY2ND9tb25pdG9yPXRydWUmYXBpLXZlcnNpb249MjAyMC0wOS0zMA==",
      "RequestMethod": "GET",
      "RequestBody": "",
      "RequestHeaders": {
        "x-ms-client-request-id": [
          "e564f4ac-c665-400f-b1d5-948ad09a7276"
        ],
        "User-Agent": [
          "FxVersion/4.6.30015.01",
          "OSName/Windows",
          "OSVersion/Microsoft.Windows.10.0.19043.",
          "Microsoft.Azure.Management.Compute.ComputeManagementClient/47.0.0"
        ]
      },
      "ResponseHeaders": {
        "Cache-Control": [
          "no-cache"
        ],
        "Pragma": [
          "no-cache"
        ],
        "x-ms-ratelimit-remaining-resource": [
          "Microsoft.Compute/GetOperationStatus3Min;1195,Microsoft.Compute/GetOperationStatus30Min;4192"
        ],
        "Strict-Transport-Security": [
          "max-age=31536000; includeSubDomains"
        ],
        "x-ms-served-by": [
          "70d5434e-5504-4968-b956-f8d027c07083_132701665974705278,70d5434e-5504-4968-b956-f8d027c07083_132701665974705278"
        ],
        "x-ms-request-id": [
          "48f13371-82b9-4acf-ae29-1741f671bea7"
        ],
        "Server": [
          "Microsoft-HTTPAPI/2.0",
          "Microsoft-HTTPAPI/2.0"
        ],
        "x-ms-ratelimit-remaining-subscription-reads": [
          "11996"
        ],
        "x-ms-correlation-request-id": [
          "e11ee304-cc92-4bcf-8159-60140fe007af"
        ],
        "x-ms-routing-request-id": [
          "SOUTHCENTRALUS:20210712T212236Z:e11ee304-cc92-4bcf-8159-60140fe007af"
        ],
        "X-Content-Type-Options": [
          "nosniff"
        ],
        "Date": [
          "Mon, 12 Jul 2021 21:22:36 GMT"
        ],
        "Expires": [
          "-1"
        ],
        "Content-Length": [
          "0"
        ]
      },
      "ResponseBody": "",
      "StatusCode": 200
    },
    {
      "RequestUri": "/subscriptions/e37510d7-33b6-4676-886f-ee75bcc01871/providers/Microsoft.Compute/locations/eastus/capsOperations/d570d621-9a22-4027-bd0f-0d7acd69becf?api-version=2020-09-30",
      "EncodedRequestUri": "L3N1YnNjcmlwdGlvbnMvZTM3NTEwZDctMzNiNi00Njc2LTg4NmYtZWU3NWJjYzAxODcxL3Byb3ZpZGVycy9NaWNyb3NvZnQuQ29tcHV0ZS9sb2NhdGlvbnMvZWFzdHVzL2NhcHNPcGVyYXRpb25zL2Q1NzBkNjIxLTlhMjItNDAyNy1iZDBmLTBkN2FjZDY5YmVjZj9hcGktdmVyc2lvbj0yMDIwLTA5LTMw",
      "RequestMethod": "GET",
      "RequestBody": "",
      "RequestHeaders": {
        "x-ms-client-request-id": [
          "27c0ed1b-b785-4d5e-9ea8-7b31c45d2b12"
        ],
        "User-Agent": [
          "FxVersion/4.6.30015.01",
          "OSName/Windows",
          "OSVersion/Microsoft.Windows.10.0.19043.",
          "Microsoft.Azure.Management.Compute.ComputeManagementClient/47.0.0"
        ]
      },
      "ResponseHeaders": {
        "Cache-Control": [
          "no-cache"
        ],
        "Pragma": [
          "no-cache"
        ],
        "x-ms-ratelimit-remaining-resource": [
          "Microsoft.Compute/GetOperationStatus3Min;1193,Microsoft.Compute/GetOperationStatus30Min;4190"
        ],
        "Strict-Transport-Security": [
          "max-age=31536000; includeSubDomains"
        ],
        "x-ms-served-by": [
          "70d5434e-5504-4968-b956-f8d027c07083_132701665974705278,70d5434e-5504-4968-b956-f8d027c07083_132701665974705278"
        ],
        "x-ms-request-id": [
          "bcef5500-5f57-4530-9373-abe38b6d98e9"
        ],
        "Server": [
          "Microsoft-HTTPAPI/2.0",
          "Microsoft-HTTPAPI/2.0"
        ],
        "x-ms-ratelimit-remaining-subscription-reads": [
          "11997"
        ],
        "x-ms-correlation-request-id": [
          "c8a1ca70-2aeb-404e-b8a0-cfb8c68f581f"
        ],
        "x-ms-routing-request-id": [
          "CENTRALUS:20210712T212308Z:c8a1ca70-2aeb-404e-b8a0-cfb8c68f581f"
        ],
        "X-Content-Type-Options": [
          "nosniff"
        ],
        "Date": [
          "Mon, 12 Jul 2021 21:23:07 GMT"
        ],
        "Content-Length": [
          "184"
        ],
        "Content-Type": [
          "application/json; charset=utf-8"
        ],
        "Expires": [
          "-1"
        ]
      },
      "ResponseBody": "{\r\n  \"startTime\": \"2021-07-12T17:22:37.9105496-04:00\",\r\n  \"endTime\": \"2021-07-12T17:22:39.0824504-04:00\",\r\n  \"status\": \"Succeeded\",\r\n  \"name\": \"d570d621-9a22-4027-bd0f-0d7acd69becf\"\r\n}",
      "StatusCode": 200
    },
    {
      "RequestUri": "/subscriptions/e37510d7-33b6-4676-886f-ee75bcc01871/providers/Microsoft.Compute/locations/eastus/capsOperations/d570d621-9a22-4027-bd0f-0d7acd69becf?monitor=true&api-version=2020-09-30",
      "EncodedRequestUri": "L3N1YnNjcmlwdGlvbnMvZTM3NTEwZDctMzNiNi00Njc2LTg4NmYtZWU3NWJjYzAxODcxL3Byb3ZpZGVycy9NaWNyb3NvZnQuQ29tcHV0ZS9sb2NhdGlvbnMvZWFzdHVzL2NhcHNPcGVyYXRpb25zL2Q1NzBkNjIxLTlhMjItNDAyNy1iZDBmLTBkN2FjZDY5YmVjZj9tb25pdG9yPXRydWUmYXBpLXZlcnNpb249MjAyMC0wOS0zMA==",
      "RequestMethod": "GET",
      "RequestBody": "",
      "RequestHeaders": {
        "x-ms-client-request-id": [
          "27c0ed1b-b785-4d5e-9ea8-7b31c45d2b12"
        ],
        "User-Agent": [
          "FxVersion/4.6.30015.01",
          "OSName/Windows",
          "OSVersion/Microsoft.Windows.10.0.19043.",
          "Microsoft.Azure.Management.Compute.ComputeManagementClient/47.0.0"
        ]
      },
      "ResponseHeaders": {
        "Cache-Control": [
          "no-cache"
        ],
        "Pragma": [
          "no-cache"
        ],
        "x-ms-ratelimit-remaining-resource": [
          "Microsoft.Compute/GetOperationStatus3Min;1192,Microsoft.Compute/GetOperationStatus30Min;4189"
        ],
        "Strict-Transport-Security": [
          "max-age=31536000; includeSubDomains"
        ],
        "x-ms-served-by": [
          "70d5434e-5504-4968-b956-f8d027c07083_132701665974705278,70d5434e-5504-4968-b956-f8d027c07083_132701665974705278"
        ],
        "x-ms-request-id": [
          "67f13f77-f05d-4b55-a7ec-1b934e3e1aed"
        ],
        "Server": [
          "Microsoft-HTTPAPI/2.0",
          "Microsoft-HTTPAPI/2.0"
        ],
        "x-ms-ratelimit-remaining-subscription-reads": [
          "11996"
        ],
        "x-ms-correlation-request-id": [
          "add01977-50ba-4961-b863-5cde0ff14b52"
        ],
        "x-ms-routing-request-id": [
          "CENTRALUS:20210712T212308Z:add01977-50ba-4961-b863-5cde0ff14b52"
        ],
        "X-Content-Type-Options": [
          "nosniff"
        ],
        "Date": [
          "Mon, 12 Jul 2021 21:23:07 GMT"
        ],
        "Expires": [
          "-1"
        ],
        "Content-Length": [
          "0"
        ]
      },
      "ResponseBody": "",
      "StatusCode": 200
    },
    {
      "RequestUri": "/subscriptions/e37510d7-33b6-4676-886f-ee75bcc01871/providers/Microsoft.Compute/locations/eastus/capsOperations/e2c3f6b9-922c-430b-8087-566a75a006cc?api-version=2020-09-30",
      "EncodedRequestUri": "L3N1YnNjcmlwdGlvbnMvZTM3NTEwZDctMzNiNi00Njc2LTg4NmYtZWU3NWJjYzAxODcxL3Byb3ZpZGVycy9NaWNyb3NvZnQuQ29tcHV0ZS9sb2NhdGlvbnMvZWFzdHVzL2NhcHNPcGVyYXRpb25zL2UyYzNmNmI5LTkyMmMtNDMwYi04MDg3LTU2NmE3NWEwMDZjYz9hcGktdmVyc2lvbj0yMDIwLTA5LTMw",
      "RequestMethod": "GET",
      "RequestBody": "",
      "RequestHeaders": {
        "x-ms-client-request-id": [
          "c6d5cfff-66bb-4db8-8f46-50bfdcc7cd9f"
        ],
        "User-Agent": [
          "FxVersion/4.6.30015.01",
          "OSName/Windows",
          "OSVersion/Microsoft.Windows.10.0.19043.",
          "Microsoft.Azure.Management.Compute.ComputeManagementClient/47.0.0"
        ]
      },
      "ResponseHeaders": {
        "Cache-Control": [
          "no-cache"
        ],
        "Pragma": [
          "no-cache"
        ],
        "x-ms-ratelimit-remaining-resource": [
          "Microsoft.Compute/GetOperationStatus3Min;1190,Microsoft.Compute/GetOperationStatus30Min;4187"
        ],
        "Strict-Transport-Security": [
          "max-age=31536000; includeSubDomains"
        ],
        "x-ms-served-by": [
          "70d5434e-5504-4968-b956-f8d027c07083_132701665974705278,70d5434e-5504-4968-b956-f8d027c07083_132701665974705278"
        ],
        "x-ms-request-id": [
          "10a5f256-4624-49b3-84bc-4c4d99f2c3cc"
        ],
        "Server": [
          "Microsoft-HTTPAPI/2.0",
          "Microsoft-HTTPAPI/2.0"
        ],
        "x-ms-ratelimit-remaining-subscription-reads": [
          "11997"
        ],
        "x-ms-correlation-request-id": [
          "0d56afd3-5929-4e6b-abbd-b72e975a333c"
        ],
        "x-ms-routing-request-id": [
          "CENTRALUS:20210712T212339Z:0d56afd3-5929-4e6b-abbd-b72e975a333c"
        ],
        "X-Content-Type-Options": [
          "nosniff"
        ],
        "Date": [
          "Mon, 12 Jul 2021 21:23:39 GMT"
        ],
        "Content-Length": [
          "184"
        ],
        "Content-Type": [
          "application/json; charset=utf-8"
        ],
        "Expires": [
          "-1"
        ]
      },
      "ResponseBody": "{\r\n  \"startTime\": \"2021-07-12T17:23:09.7388895-04:00\",\r\n  \"endTime\": \"2021-07-12T17:23:10.0513882-04:00\",\r\n  \"status\": \"Succeeded\",\r\n  \"name\": \"e2c3f6b9-922c-430b-8087-566a75a006cc\"\r\n}",
      "StatusCode": 200
    },
    {
      "RequestUri": "/subscriptions/e37510d7-33b6-4676-886f-ee75bcc01871/providers/Microsoft.Compute/locations/eastus/capsOperations/e2c3f6b9-922c-430b-8087-566a75a006cc?monitor=true&api-version=2020-09-30",
      "EncodedRequestUri": "L3N1YnNjcmlwdGlvbnMvZTM3NTEwZDctMzNiNi00Njc2LTg4NmYtZWU3NWJjYzAxODcxL3Byb3ZpZGVycy9NaWNyb3NvZnQuQ29tcHV0ZS9sb2NhdGlvbnMvZWFzdHVzL2NhcHNPcGVyYXRpb25zL2UyYzNmNmI5LTkyMmMtNDMwYi04MDg3LTU2NmE3NWEwMDZjYz9tb25pdG9yPXRydWUmYXBpLXZlcnNpb249MjAyMC0wOS0zMA==",
      "RequestMethod": "GET",
      "RequestBody": "",
      "RequestHeaders": {
        "x-ms-client-request-id": [
          "c6d5cfff-66bb-4db8-8f46-50bfdcc7cd9f"
        ],
        "User-Agent": [
          "FxVersion/4.6.30015.01",
          "OSName/Windows",
          "OSVersion/Microsoft.Windows.10.0.19043.",
          "Microsoft.Azure.Management.Compute.ComputeManagementClient/47.0.0"
        ]
      },
      "ResponseHeaders": {
        "Cache-Control": [
          "no-cache"
        ],
        "Pragma": [
          "no-cache"
        ],
        "x-ms-ratelimit-remaining-resource": [
          "Microsoft.Compute/GetOperationStatus3Min;1189,Microsoft.Compute/GetOperationStatus30Min;4186"
        ],
        "Strict-Transport-Security": [
          "max-age=31536000; includeSubDomains"
        ],
        "x-ms-served-by": [
          "70d5434e-5504-4968-b956-f8d027c07083_132701665974705278,70d5434e-5504-4968-b956-f8d027c07083_132701665974705278"
        ],
        "x-ms-request-id": [
          "73e9d996-9bea-4a0f-a0a5-62c4f7f4e10e"
        ],
        "Server": [
          "Microsoft-HTTPAPI/2.0",
          "Microsoft-HTTPAPI/2.0"
        ],
        "x-ms-ratelimit-remaining-subscription-reads": [
          "11996"
        ],
        "x-ms-correlation-request-id": [
          "dc39192d-5e57-4f3a-add9-98bd81f1ae77"
        ],
        "x-ms-routing-request-id": [
          "CENTRALUS:20210712T212340Z:dc39192d-5e57-4f3a-add9-98bd81f1ae77"
        ],
        "X-Content-Type-Options": [
          "nosniff"
        ],
        "Date": [
          "Mon, 12 Jul 2021 21:23:39 GMT"
        ],
        "Expires": [
          "-1"
        ],
        "Content-Length": [
          "0"
        ]
      },
      "ResponseBody": "",
      "StatusCode": 200
    },
    {
      "RequestUri": "/subscriptions/e37510d7-33b6-4676-886f-ee75bcc01871/resourcegroups/crptestps7018?api-version=2016-09-01",
      "EncodedRequestUri": "L3N1YnNjcmlwdGlvbnMvZTM3NTEwZDctMzNiNi00Njc2LTg4NmYtZWU3NWJjYzAxODcxL3Jlc291cmNlZ3JvdXBzL2NycHRlc3RwczcwMTg/YXBpLXZlcnNpb249MjAxNi0wOS0wMQ==",
      "RequestMethod": "DELETE",
      "RequestBody": "",
      "RequestHeaders": {
        "x-ms-client-request-id": [
          "ba7c834f-4b4e-455a-9fa8-83974fdaa9cf"
        ],
        "Accept-Language": [
          "en-US"
        ],
        "User-Agent": [
          "FxVersion/4.6.30015.01",
          "OSName/Windows",
          "OSVersion/Microsoft.Windows.10.0.19043.",
          "Microsoft.Azure.Management.Internal.Resources.ResourceManagementClient/1.3.39"
        ]
      },
      "ResponseHeaders": {
        "Cache-Control": [
          "no-cache"
        ],
        "Pragma": [
          "no-cache"
        ],
        "Location": [
          "https://management.azure.com/subscriptions/e37510d7-33b6-4676-886f-ee75bcc01871/operationresults/eyJqb2JJZCI6IlJFU09VUkNFR1JPVVBERUxFVElPTkpPQi1DUlBURVNUUFM3MDE4LUVBU1RVUyIsImpvYkxvY2F0aW9uIjoiZWFzdHVzIn0?api-version=2016-09-01"
        ],
        "Retry-After": [
          "15"
        ],
        "x-ms-ratelimit-remaining-subscription-deletes": [
          "14999"
        ],
        "x-ms-request-id": [
          "cd62d255-de16-45f6-9e37-91d68eeadc6e"
        ],
        "x-ms-correlation-request-id": [
          "cd62d255-de16-45f6-9e37-91d68eeadc6e"
        ],
        "x-ms-routing-request-id": [
          "SOUTHCENTRALUS:20210712T212341Z:cd62d255-de16-45f6-9e37-91d68eeadc6e"
        ],
        "Strict-Transport-Security": [
          "max-age=31536000; includeSubDomains"
        ],
        "X-Content-Type-Options": [
          "nosniff"
        ],
        "Date": [
          "Mon, 12 Jul 2021 21:23:41 GMT"
        ],
        "Expires": [
          "-1"
        ],
        "Content-Length": [
          "0"
        ]
      },
      "ResponseBody": "",
      "StatusCode": 202
    },
    {
      "RequestUri": "/subscriptions/e37510d7-33b6-4676-886f-ee75bcc01871/operationresults/eyJqb2JJZCI6IlJFU09VUkNFR1JPVVBERUxFVElPTkpPQi1DUlBURVNUUFM3MDE4LUVBU1RVUyIsImpvYkxvY2F0aW9uIjoiZWFzdHVzIn0?api-version=2016-09-01",
      "EncodedRequestUri": "L3N1YnNjcmlwdGlvbnMvZTM3NTEwZDctMzNiNi00Njc2LTg4NmYtZWU3NWJjYzAxODcxL29wZXJhdGlvbnJlc3VsdHMvZXlKcWIySkpaQ0k2SWxKRlUwOVZVa05GUjFKUFZWQkVSVXhGVkVsUFRrcFBRaTFEVWxCVVJWTlVVRk0zTURFNExVVkJVMVJWVXlJc0ltcHZZa3h2WTJGMGFXOXVJam9pWldGemRIVnpJbjA/YXBpLXZlcnNpb249MjAxNi0wOS0wMQ==",
      "RequestMethod": "GET",
      "RequestBody": "",
      "RequestHeaders": {
        "User-Agent": [
          "FxVersion/4.6.30015.01",
          "OSName/Windows",
          "OSVersion/Microsoft.Windows.10.0.19043.",
          "Microsoft.Azure.Management.Internal.Resources.ResourceManagementClient/1.3.39"
        ]
      },
      "ResponseHeaders": {
        "Cache-Control": [
          "no-cache"
        ],
        "Pragma": [
          "no-cache"
        ],
        "Location": [
          "https://management.azure.com/subscriptions/e37510d7-33b6-4676-886f-ee75bcc01871/operationresults/eyJqb2JJZCI6IlJFU09VUkNFR1JPVVBERUxFVElPTkpPQi1DUlBURVNUUFM3MDE4LUVBU1RVUyIsImpvYkxvY2F0aW9uIjoiZWFzdHVzIn0?api-version=2016-09-01"
        ],
        "Retry-After": [
          "15"
        ],
        "x-ms-ratelimit-remaining-subscription-reads": [
          "11999"
        ],
        "x-ms-request-id": [
          "e0dfb668-5d35-4b33-839e-a3cc85bca982"
        ],
        "x-ms-correlation-request-id": [
          "e0dfb668-5d35-4b33-839e-a3cc85bca982"
        ],
        "x-ms-routing-request-id": [
          "SOUTHCENTRALUS:20210712T212356Z:e0dfb668-5d35-4b33-839e-a3cc85bca982"
        ],
        "Strict-Transport-Security": [
          "max-age=31536000; includeSubDomains"
        ],
        "X-Content-Type-Options": [
          "nosniff"
        ],
        "Date": [
          "Mon, 12 Jul 2021 21:23:56 GMT"
        ],
        "Expires": [
          "-1"
        ],
        "Content-Length": [
          "0"
        ]
      },
      "ResponseBody": "",
      "StatusCode": 202
    },
    {
      "RequestUri": "/subscriptions/e37510d7-33b6-4676-886f-ee75bcc01871/operationresults/eyJqb2JJZCI6IlJFU09VUkNFR1JPVVBERUxFVElPTkpPQi1DUlBURVNUUFM3MDE4LUVBU1RVUyIsImpvYkxvY2F0aW9uIjoiZWFzdHVzIn0?api-version=2016-09-01",
      "EncodedRequestUri": "L3N1YnNjcmlwdGlvbnMvZTM3NTEwZDctMzNiNi00Njc2LTg4NmYtZWU3NWJjYzAxODcxL29wZXJhdGlvbnJlc3VsdHMvZXlKcWIySkpaQ0k2SWxKRlUwOVZVa05GUjFKUFZWQkVSVXhGVkVsUFRrcFBRaTFEVWxCVVJWTlVVRk0zTURFNExVVkJVMVJWVXlJc0ltcHZZa3h2WTJGMGFXOXVJam9pWldGemRIVnpJbjA/YXBpLXZlcnNpb249MjAxNi0wOS0wMQ==",
      "RequestMethod": "GET",
      "RequestBody": "",
      "RequestHeaders": {
        "User-Agent": [
          "FxVersion/4.6.30015.01",
          "OSName/Windows",
          "OSVersion/Microsoft.Windows.10.0.19043.",
          "Microsoft.Azure.Management.Internal.Resources.ResourceManagementClient/1.3.39"
        ]
      },
      "ResponseHeaders": {
        "Cache-Control": [
          "no-cache"
        ],
        "Pragma": [
          "no-cache"
        ],
        "Location": [
          "https://management.azure.com/subscriptions/e37510d7-33b6-4676-886f-ee75bcc01871/operationresults/eyJqb2JJZCI6IlJFU09VUkNFR1JPVVBERUxFVElPTkpPQi1DUlBURVNUUFM3MDE4LUVBU1RVUyIsImpvYkxvY2F0aW9uIjoiZWFzdHVzIn0?api-version=2016-09-01"
        ],
        "Retry-After": [
          "15"
        ],
        "x-ms-ratelimit-remaining-subscription-reads": [
          "11998"
        ],
        "x-ms-request-id": [
          "88de0f5d-b3af-4543-a38f-1d38b619cb30"
        ],
        "x-ms-correlation-request-id": [
          "88de0f5d-b3af-4543-a38f-1d38b619cb30"
        ],
        "x-ms-routing-request-id": [
          "SOUTHCENTRALUS:20210712T212411Z:88de0f5d-b3af-4543-a38f-1d38b619cb30"
        ],
        "Strict-Transport-Security": [
          "max-age=31536000; includeSubDomains"
        ],
        "X-Content-Type-Options": [
          "nosniff"
        ],
        "Date": [
          "Mon, 12 Jul 2021 21:24:10 GMT"
        ],
        "Expires": [
          "-1"
        ],
        "Content-Length": [
          "0"
        ]
      },
      "ResponseBody": "",
      "StatusCode": 202
    },
    {
      "RequestUri": "/subscriptions/e37510d7-33b6-4676-886f-ee75bcc01871/operationresults/eyJqb2JJZCI6IlJFU09VUkNFR1JPVVBERUxFVElPTkpPQi1DUlBURVNUUFM3MDE4LUVBU1RVUyIsImpvYkxvY2F0aW9uIjoiZWFzdHVzIn0?api-version=2016-09-01",
      "EncodedRequestUri": "L3N1YnNjcmlwdGlvbnMvZTM3NTEwZDctMzNiNi00Njc2LTg4NmYtZWU3NWJjYzAxODcxL29wZXJhdGlvbnJlc3VsdHMvZXlKcWIySkpaQ0k2SWxKRlUwOVZVa05GUjFKUFZWQkVSVXhGVkVsUFRrcFBRaTFEVWxCVVJWTlVVRk0zTURFNExVVkJVMVJWVXlJc0ltcHZZa3h2WTJGMGFXOXVJam9pWldGemRIVnpJbjA/YXBpLXZlcnNpb249MjAxNi0wOS0wMQ==",
      "RequestMethod": "GET",
      "RequestBody": "",
      "RequestHeaders": {
        "User-Agent": [
          "FxVersion/4.6.30015.01",
          "OSName/Windows",
          "OSVersion/Microsoft.Windows.10.0.19043.",
          "Microsoft.Azure.Management.Internal.Resources.ResourceManagementClient/1.3.39"
        ]
      },
      "ResponseHeaders": {
        "Cache-Control": [
          "no-cache"
        ],
        "Pragma": [
          "no-cache"
        ],
        "Location": [
          "https://management.azure.com/subscriptions/e37510d7-33b6-4676-886f-ee75bcc01871/operationresults/eyJqb2JJZCI6IlJFU09VUkNFR1JPVVBERUxFVElPTkpPQi1DUlBURVNUUFM3MDE4LUVBU1RVUyIsImpvYkxvY2F0aW9uIjoiZWFzdHVzIn0?api-version=2016-09-01"
        ],
        "Retry-After": [
          "15"
        ],
        "x-ms-ratelimit-remaining-subscription-reads": [
          "11997"
        ],
        "x-ms-request-id": [
          "acddfe5c-0f13-4563-a92d-5585894c0325"
        ],
        "x-ms-correlation-request-id": [
          "acddfe5c-0f13-4563-a92d-5585894c0325"
        ],
        "x-ms-routing-request-id": [
          "SOUTHCENTRALUS:20210712T212426Z:acddfe5c-0f13-4563-a92d-5585894c0325"
        ],
        "Strict-Transport-Security": [
          "max-age=31536000; includeSubDomains"
        ],
        "X-Content-Type-Options": [
          "nosniff"
        ],
        "Date": [
          "Mon, 12 Jul 2021 21:24:25 GMT"
        ],
        "Expires": [
          "-1"
        ],
        "Content-Length": [
          "0"
        ]
      },
      "ResponseBody": "",
      "StatusCode": 202
    },
    {
      "RequestUri": "/subscriptions/e37510d7-33b6-4676-886f-ee75bcc01871/operationresults/eyJqb2JJZCI6IlJFU09VUkNFR1JPVVBERUxFVElPTkpPQi1DUlBURVNUUFM3MDE4LUVBU1RVUyIsImpvYkxvY2F0aW9uIjoiZWFzdHVzIn0?api-version=2016-09-01",
      "EncodedRequestUri": "L3N1YnNjcmlwdGlvbnMvZTM3NTEwZDctMzNiNi00Njc2LTg4NmYtZWU3NWJjYzAxODcxL29wZXJhdGlvbnJlc3VsdHMvZXlKcWIySkpaQ0k2SWxKRlUwOVZVa05GUjFKUFZWQkVSVXhGVkVsUFRrcFBRaTFEVWxCVVJWTlVVRk0zTURFNExVVkJVMVJWVXlJc0ltcHZZa3h2WTJGMGFXOXVJam9pWldGemRIVnpJbjA/YXBpLXZlcnNpb249MjAxNi0wOS0wMQ==",
      "RequestMethod": "GET",
      "RequestBody": "",
      "RequestHeaders": {
        "User-Agent": [
          "FxVersion/4.6.30015.01",
          "OSName/Windows",
          "OSVersion/Microsoft.Windows.10.0.19043.",
          "Microsoft.Azure.Management.Internal.Resources.ResourceManagementClient/1.3.39"
        ]
      },
      "ResponseHeaders": {
        "Cache-Control": [
          "no-cache"
        ],
        "Pragma": [
          "no-cache"
        ],
        "Location": [
          "https://management.azure.com/subscriptions/e37510d7-33b6-4676-886f-ee75bcc01871/operationresults/eyJqb2JJZCI6IlJFU09VUkNFR1JPVVBERUxFVElPTkpPQi1DUlBURVNUUFM3MDE4LUVBU1RVUyIsImpvYkxvY2F0aW9uIjoiZWFzdHVzIn0?api-version=2016-09-01"
        ],
        "Retry-After": [
          "15"
        ],
        "x-ms-ratelimit-remaining-subscription-reads": [
          "11996"
        ],
        "x-ms-request-id": [
          "a74c8e12-097d-4397-a04b-afa59097bf86"
        ],
        "x-ms-correlation-request-id": [
          "a74c8e12-097d-4397-a04b-afa59097bf86"
        ],
        "x-ms-routing-request-id": [
          "SOUTHCENTRALUS:20210712T212441Z:a74c8e12-097d-4397-a04b-afa59097bf86"
        ],
        "Strict-Transport-Security": [
          "max-age=31536000; includeSubDomains"
        ],
        "X-Content-Type-Options": [
          "nosniff"
        ],
        "Date": [
          "Mon, 12 Jul 2021 21:24:40 GMT"
        ],
        "Expires": [
          "-1"
        ],
        "Content-Length": [
          "0"
        ]
      },
      "ResponseBody": "",
      "StatusCode": 202
    },
    {
      "RequestUri": "/subscriptions/e37510d7-33b6-4676-886f-ee75bcc01871/operationresults/eyJqb2JJZCI6IlJFU09VUkNFR1JPVVBERUxFVElPTkpPQi1DUlBURVNUUFM3MDE4LUVBU1RVUyIsImpvYkxvY2F0aW9uIjoiZWFzdHVzIn0?api-version=2016-09-01",
      "EncodedRequestUri": "L3N1YnNjcmlwdGlvbnMvZTM3NTEwZDctMzNiNi00Njc2LTg4NmYtZWU3NWJjYzAxODcxL29wZXJhdGlvbnJlc3VsdHMvZXlKcWIySkpaQ0k2SWxKRlUwOVZVa05GUjFKUFZWQkVSVXhGVkVsUFRrcFBRaTFEVWxCVVJWTlVVRk0zTURFNExVVkJVMVJWVXlJc0ltcHZZa3h2WTJGMGFXOXVJam9pWldGemRIVnpJbjA/YXBpLXZlcnNpb249MjAxNi0wOS0wMQ==",
      "RequestMethod": "GET",
      "RequestBody": "",
      "RequestHeaders": {
        "User-Agent": [
          "FxVersion/4.6.30015.01",
          "OSName/Windows",
          "OSVersion/Microsoft.Windows.10.0.19043.",
          "Microsoft.Azure.Management.Internal.Resources.ResourceManagementClient/1.3.39"
        ]
      },
      "ResponseHeaders": {
        "Cache-Control": [
          "no-cache"
        ],
        "Pragma": [
          "no-cache"
        ],
        "Location": [
          "https://management.azure.com/subscriptions/e37510d7-33b6-4676-886f-ee75bcc01871/operationresults/eyJqb2JJZCI6IlJFU09VUkNFR1JPVVBERUxFVElPTkpPQi1DUlBURVNUUFM3MDE4LUVBU1RVUyIsImpvYkxvY2F0aW9uIjoiZWFzdHVzIn0?api-version=2016-09-01"
        ],
        "Retry-After": [
          "15"
        ],
        "x-ms-ratelimit-remaining-subscription-reads": [
          "11995"
        ],
        "x-ms-request-id": [
          "72772fb2-057c-46eb-adbd-18d027780369"
        ],
        "x-ms-correlation-request-id": [
          "72772fb2-057c-46eb-adbd-18d027780369"
        ],
        "x-ms-routing-request-id": [
          "SOUTHCENTRALUS:20210712T212457Z:72772fb2-057c-46eb-adbd-18d027780369"
        ],
        "Strict-Transport-Security": [
          "max-age=31536000; includeSubDomains"
        ],
        "X-Content-Type-Options": [
          "nosniff"
        ],
        "Date": [
          "Mon, 12 Jul 2021 21:24:57 GMT"
        ],
        "Expires": [
          "-1"
        ],
        "Content-Length": [
          "0"
        ]
      },
      "ResponseBody": "",
      "StatusCode": 202
    },
    {
      "RequestUri": "/subscriptions/e37510d7-33b6-4676-886f-ee75bcc01871/operationresults/eyJqb2JJZCI6IlJFU09VUkNFR1JPVVBERUxFVElPTkpPQi1DUlBURVNUUFM3MDE4LUVBU1RVUyIsImpvYkxvY2F0aW9uIjoiZWFzdHVzIn0?api-version=2016-09-01",
      "EncodedRequestUri": "L3N1YnNjcmlwdGlvbnMvZTM3NTEwZDctMzNiNi00Njc2LTg4NmYtZWU3NWJjYzAxODcxL29wZXJhdGlvbnJlc3VsdHMvZXlKcWIySkpaQ0k2SWxKRlUwOVZVa05GUjFKUFZWQkVSVXhGVkVsUFRrcFBRaTFEVWxCVVJWTlVVRk0zTURFNExVVkJVMVJWVXlJc0ltcHZZa3h2WTJGMGFXOXVJam9pWldGemRIVnpJbjA/YXBpLXZlcnNpb249MjAxNi0wOS0wMQ==",
      "RequestMethod": "GET",
      "RequestBody": "",
      "RequestHeaders": {
        "User-Agent": [
          "FxVersion/4.6.30015.01",
          "OSName/Windows",
          "OSVersion/Microsoft.Windows.10.0.19043.",
          "Microsoft.Azure.Management.Internal.Resources.ResourceManagementClient/1.3.39"
        ]
      },
      "ResponseHeaders": {
        "Cache-Control": [
          "no-cache"
        ],
        "Pragma": [
          "no-cache"
        ],
        "Location": [
          "https://management.azure.com/subscriptions/e37510d7-33b6-4676-886f-ee75bcc01871/operationresults/eyJqb2JJZCI6IlJFU09VUkNFR1JPVVBERUxFVElPTkpPQi1DUlBURVNUUFM3MDE4LUVBU1RVUyIsImpvYkxvY2F0aW9uIjoiZWFzdHVzIn0?api-version=2016-09-01"
        ],
        "Retry-After": [
          "15"
        ],
        "x-ms-ratelimit-remaining-subscription-reads": [
          "11994"
        ],
        "x-ms-request-id": [
          "2ed13fcd-741d-4115-a372-7b44f1d5aef9"
        ],
        "x-ms-correlation-request-id": [
          "2ed13fcd-741d-4115-a372-7b44f1d5aef9"
        ],
        "x-ms-routing-request-id": [
          "SOUTHCENTRALUS:20210712T212512Z:2ed13fcd-741d-4115-a372-7b44f1d5aef9"
        ],
        "Strict-Transport-Security": [
          "max-age=31536000; includeSubDomains"
        ],
        "X-Content-Type-Options": [
          "nosniff"
        ],
        "Date": [
          "Mon, 12 Jul 2021 21:25:12 GMT"
        ],
        "Expires": [
          "-1"
        ],
        "Content-Length": [
          "0"
        ]
      },
      "ResponseBody": "",
      "StatusCode": 202
    },
    {
      "RequestUri": "/subscriptions/e37510d7-33b6-4676-886f-ee75bcc01871/operationresults/eyJqb2JJZCI6IlJFU09VUkNFR1JPVVBERUxFVElPTkpPQi1DUlBURVNUUFM3MDE4LUVBU1RVUyIsImpvYkxvY2F0aW9uIjoiZWFzdHVzIn0?api-version=2016-09-01",
      "EncodedRequestUri": "L3N1YnNjcmlwdGlvbnMvZTM3NTEwZDctMzNiNi00Njc2LTg4NmYtZWU3NWJjYzAxODcxL29wZXJhdGlvbnJlc3VsdHMvZXlKcWIySkpaQ0k2SWxKRlUwOVZVa05GUjFKUFZWQkVSVXhGVkVsUFRrcFBRaTFEVWxCVVJWTlVVRk0zTURFNExVVkJVMVJWVXlJc0ltcHZZa3h2WTJGMGFXOXVJam9pWldGemRIVnpJbjA/YXBpLXZlcnNpb249MjAxNi0wOS0wMQ==",
      "RequestMethod": "GET",
      "RequestBody": "",
      "RequestHeaders": {
        "User-Agent": [
          "FxVersion/4.6.30015.01",
          "OSName/Windows",
          "OSVersion/Microsoft.Windows.10.0.19043.",
          "Microsoft.Azure.Management.Internal.Resources.ResourceManagementClient/1.3.39"
        ]
      },
      "ResponseHeaders": {
        "Cache-Control": [
          "no-cache"
        ],
        "Pragma": [
          "no-cache"
        ],
        "Location": [
          "https://management.azure.com/subscriptions/e37510d7-33b6-4676-886f-ee75bcc01871/operationresults/eyJqb2JJZCI6IlJFU09VUkNFR1JPVVBERUxFVElPTkpPQi1DUlBURVNUUFM3MDE4LUVBU1RVUyIsImpvYkxvY2F0aW9uIjoiZWFzdHVzIn0?api-version=2016-09-01"
        ],
        "Retry-After": [
          "15"
        ],
        "x-ms-ratelimit-remaining-subscription-reads": [
          "11993"
        ],
        "x-ms-request-id": [
          "4a614dac-b6ee-446f-9c29-4bb3e6ba1079"
        ],
        "x-ms-correlation-request-id": [
          "4a614dac-b6ee-446f-9c29-4bb3e6ba1079"
        ],
        "x-ms-routing-request-id": [
          "SOUTHCENTRALUS:20210712T212527Z:4a614dac-b6ee-446f-9c29-4bb3e6ba1079"
        ],
        "Strict-Transport-Security": [
          "max-age=31536000; includeSubDomains"
        ],
        "X-Content-Type-Options": [
          "nosniff"
        ],
        "Date": [
          "Mon, 12 Jul 2021 21:25:26 GMT"
        ],
        "Expires": [
          "-1"
        ],
        "Content-Length": [
          "0"
        ]
      },
      "ResponseBody": "",
      "StatusCode": 202
    },
    {
      "RequestUri": "/subscriptions/e37510d7-33b6-4676-886f-ee75bcc01871/operationresults/eyJqb2JJZCI6IlJFU09VUkNFR1JPVVBERUxFVElPTkpPQi1DUlBURVNUUFM3MDE4LUVBU1RVUyIsImpvYkxvY2F0aW9uIjoiZWFzdHVzIn0?api-version=2016-09-01",
      "EncodedRequestUri": "L3N1YnNjcmlwdGlvbnMvZTM3NTEwZDctMzNiNi00Njc2LTg4NmYtZWU3NWJjYzAxODcxL29wZXJhdGlvbnJlc3VsdHMvZXlKcWIySkpaQ0k2SWxKRlUwOVZVa05GUjFKUFZWQkVSVXhGVkVsUFRrcFBRaTFEVWxCVVJWTlVVRk0zTURFNExVVkJVMVJWVXlJc0ltcHZZa3h2WTJGMGFXOXVJam9pWldGemRIVnpJbjA/YXBpLXZlcnNpb249MjAxNi0wOS0wMQ==",
      "RequestMethod": "GET",
      "RequestBody": "",
      "RequestHeaders": {
        "User-Agent": [
          "FxVersion/4.6.30015.01",
          "OSName/Windows",
          "OSVersion/Microsoft.Windows.10.0.19043.",
          "Microsoft.Azure.Management.Internal.Resources.ResourceManagementClient/1.3.39"
        ]
      },
      "ResponseHeaders": {
        "Cache-Control": [
          "no-cache"
        ],
        "Pragma": [
          "no-cache"
        ],
        "Location": [
          "https://management.azure.com/subscriptions/e37510d7-33b6-4676-886f-ee75bcc01871/operationresults/eyJqb2JJZCI6IlJFU09VUkNFR1JPVVBERUxFVElPTkpPQi1DUlBURVNUUFM3MDE4LUVBU1RVUyIsImpvYkxvY2F0aW9uIjoiZWFzdHVzIn0?api-version=2016-09-01"
        ],
        "Retry-After": [
          "15"
        ],
        "x-ms-ratelimit-remaining-subscription-reads": [
          "11992"
        ],
        "x-ms-request-id": [
          "9e6070ed-1ec7-4dd7-833b-1cb8dc07f298"
        ],
        "x-ms-correlation-request-id": [
          "9e6070ed-1ec7-4dd7-833b-1cb8dc07f298"
        ],
        "x-ms-routing-request-id": [
          "SOUTHCENTRALUS:20210712T212542Z:9e6070ed-1ec7-4dd7-833b-1cb8dc07f298"
        ],
        "Strict-Transport-Security": [
          "max-age=31536000; includeSubDomains"
        ],
        "X-Content-Type-Options": [
          "nosniff"
        ],
        "Date": [
          "Mon, 12 Jul 2021 21:25:41 GMT"
        ],
        "Expires": [
          "-1"
        ],
        "Content-Length": [
          "0"
        ]
      },
      "ResponseBody": "",
      "StatusCode": 202
    },
    {
      "RequestUri": "/subscriptions/e37510d7-33b6-4676-886f-ee75bcc01871/operationresults/eyJqb2JJZCI6IlJFU09VUkNFR1JPVVBERUxFVElPTkpPQi1DUlBURVNUUFM3MDE4LUVBU1RVUyIsImpvYkxvY2F0aW9uIjoiZWFzdHVzIn0?api-version=2016-09-01",
      "EncodedRequestUri": "L3N1YnNjcmlwdGlvbnMvZTM3NTEwZDctMzNiNi00Njc2LTg4NmYtZWU3NWJjYzAxODcxL29wZXJhdGlvbnJlc3VsdHMvZXlKcWIySkpaQ0k2SWxKRlUwOVZVa05GUjFKUFZWQkVSVXhGVkVsUFRrcFBRaTFEVWxCVVJWTlVVRk0zTURFNExVVkJVMVJWVXlJc0ltcHZZa3h2WTJGMGFXOXVJam9pWldGemRIVnpJbjA/YXBpLXZlcnNpb249MjAxNi0wOS0wMQ==",
      "RequestMethod": "GET",
      "RequestBody": "",
      "RequestHeaders": {
        "User-Agent": [
          "FxVersion/4.6.30015.01",
          "OSName/Windows",
          "OSVersion/Microsoft.Windows.10.0.19043.",
          "Microsoft.Azure.Management.Internal.Resources.ResourceManagementClient/1.3.39"
        ]
      },
      "ResponseHeaders": {
        "Cache-Control": [
          "no-cache"
        ],
        "Pragma": [
          "no-cache"
        ],
        "Location": [
          "https://management.azure.com/subscriptions/e37510d7-33b6-4676-886f-ee75bcc01871/operationresults/eyJqb2JJZCI6IlJFU09VUkNFR1JPVVBERUxFVElPTkpPQi1DUlBURVNUUFM3MDE4LUVBU1RVUyIsImpvYkxvY2F0aW9uIjoiZWFzdHVzIn0?api-version=2016-09-01"
        ],
        "Retry-After": [
          "15"
        ],
        "x-ms-ratelimit-remaining-subscription-reads": [
          "11991"
        ],
        "x-ms-request-id": [
          "66e30867-b305-4061-aa5b-eb1599571d1d"
        ],
        "x-ms-correlation-request-id": [
          "66e30867-b305-4061-aa5b-eb1599571d1d"
        ],
        "x-ms-routing-request-id": [
          "SOUTHCENTRALUS:20210712T212557Z:66e30867-b305-4061-aa5b-eb1599571d1d"
        ],
        "Strict-Transport-Security": [
          "max-age=31536000; includeSubDomains"
        ],
        "X-Content-Type-Options": [
          "nosniff"
        ],
        "Date": [
          "Mon, 12 Jul 2021 21:25:57 GMT"
        ],
        "Expires": [
          "-1"
        ],
        "Content-Length": [
          "0"
        ]
      },
      "ResponseBody": "",
      "StatusCode": 202
    },
    {
      "RequestUri": "/subscriptions/e37510d7-33b6-4676-886f-ee75bcc01871/operationresults/eyJqb2JJZCI6IlJFU09VUkNFR1JPVVBERUxFVElPTkpPQi1DUlBURVNUUFM3MDE4LUVBU1RVUyIsImpvYkxvY2F0aW9uIjoiZWFzdHVzIn0?api-version=2016-09-01",
      "EncodedRequestUri": "L3N1YnNjcmlwdGlvbnMvZTM3NTEwZDctMzNiNi00Njc2LTg4NmYtZWU3NWJjYzAxODcxL29wZXJhdGlvbnJlc3VsdHMvZXlKcWIySkpaQ0k2SWxKRlUwOVZVa05GUjFKUFZWQkVSVXhGVkVsUFRrcFBRaTFEVWxCVVJWTlVVRk0zTURFNExVVkJVMVJWVXlJc0ltcHZZa3h2WTJGMGFXOXVJam9pWldGemRIVnpJbjA/YXBpLXZlcnNpb249MjAxNi0wOS0wMQ==",
      "RequestMethod": "GET",
      "RequestBody": "",
      "RequestHeaders": {
        "User-Agent": [
          "FxVersion/4.6.30015.01",
          "OSName/Windows",
          "OSVersion/Microsoft.Windows.10.0.19043.",
          "Microsoft.Azure.Management.Internal.Resources.ResourceManagementClient/1.3.39"
        ]
      },
      "ResponseHeaders": {
        "Cache-Control": [
          "no-cache"
        ],
        "Pragma": [
          "no-cache"
        ],
        "x-ms-ratelimit-remaining-subscription-reads": [
          "11990"
        ],
        "x-ms-request-id": [
          "99fd5641-9063-48d3-a9df-982d2d95d803"
        ],
        "x-ms-correlation-request-id": [
          "99fd5641-9063-48d3-a9df-982d2d95d803"
        ],
        "x-ms-routing-request-id": [
          "SOUTHCENTRALUS:20210712T212612Z:99fd5641-9063-48d3-a9df-982d2d95d803"
        ],
        "Strict-Transport-Security": [
          "max-age=31536000; includeSubDomains"
        ],
        "X-Content-Type-Options": [
          "nosniff"
        ],
        "Date": [
          "Mon, 12 Jul 2021 21:26:12 GMT"
        ],
        "Content-Type": [
          "application/json; charset=utf-8"
        ],
        "Expires": [
          "-1"
        ],
        "Content-Length": [
          "805"
        ]
      },
      "ResponseBody": "{\r\n  \"Error\": {\r\n    \"Code\": \"ResourceGroupDeletionBlocked\",\r\n    \"Target\": null,\r\n    \"Message\": \"Deletion of resource group 'crptestps7018' failed as resources with identifiers 'Microsoft.Compute/galleries/gallerycrptestps7018' could not be deleted. The provisioning state of the resource group will be rolled back. The tracking Id is 'cd62d255-de16-45f6-9e37-91d68eeadc6e'. Please check audit logs for more details.\",\r\n    \"Details\": [\r\n      {\r\n        \"Code\": null,\r\n        \"Target\": \"/subscriptions/e37510d7-33b6-4676-886f-ee75bcc01871/resourceGroups/crptestps7018/providers/Microsoft.Compute/galleries/gallerycrptestps7018\",\r\n        \"Message\": \"{\\\"error\\\":{\\\"code\\\":\\\"OperationNotAllowed\\\",\\\"message\\\":\\\"Gallery is still shared to 'Groups'. Please unshare the gallery first before deleting the gallery.\\\"}}\",\r\n        \"Details\": null,\r\n        \"AdditionalInfo\": null\r\n      }\r\n    ],\r\n    \"AdditionalInfo\": null\r\n  }\r\n}",
      "StatusCode": 409
    }
  ],
  "Names": {
    "Test-GalleryDirectSharing": [
      "crptestps7018"
    ]
  },
  "Variables": {
    "SubscriptionId": "e37510d7-33b6-4676-886f-ee75bcc01871"
  }
}